Archive member included to satisfy reference by file (symbol)

/Applications/STM32CubeIDE.app/Contents/Eclipse/plugins/com.st.stm32cube.ide.mcu.externaltools.gnu-tools-for-stm32.9-2020-q2-update.macos64_1.5.0.202011040924/tools/bin/../lib/gcc/arm-none-eabi/9.3.1/../../../../arm-none-eabi/lib/thumb/v7-m/nofp/libc_nano.a(lib_a-calloc.o)
                              Core/Common/Src/queue.o (calloc)
/Applications/STM32CubeIDE.app/Contents/Eclipse/plugins/com.st.stm32cube.ide.mcu.externaltools.gnu-tools-for-stm32.9-2020-q2-update.macos64_1.5.0.202011040924/tools/bin/../lib/gcc/arm-none-eabi/9.3.1/../../../../arm-none-eabi/lib/thumb/v7-m/nofp/libc_nano.a(lib_a-errno.o)
                              Core/Src/syscalls.o (__errno)
/Applications/STM32CubeIDE.app/Contents/Eclipse/plugins/com.st.stm32cube.ide.mcu.externaltools.gnu-tools-for-stm32.9-2020-q2-update.macos64_1.5.0.202011040924/tools/bin/../lib/gcc/arm-none-eabi/9.3.1/../../../../arm-none-eabi/lib/thumb/v7-m/nofp/libc_nano.a(lib_a-exit.o)
                              /Applications/STM32CubeIDE.app/Contents/Eclipse/plugins/com.st.stm32cube.ide.mcu.externaltools.gnu-tools-for-stm32.9-2020-q2-update.macos64_1.5.0.202011040924/tools/bin/../lib/gcc/arm-none-eabi/9.3.1/../../../../arm-none-eabi/lib/thumb/v7-m/nofp/crt0.o (exit)
/Applications/STM32CubeIDE.app/Contents/Eclipse/plugins/com.st.stm32cube.ide.mcu.externaltools.gnu-tools-for-stm32.9-2020-q2-update.macos64_1.5.0.202011040924/tools/bin/../lib/gcc/arm-none-eabi/9.3.1/../../../../arm-none-eabi/lib/thumb/v7-m/nofp/libc_nano.a(lib_a-impure.o)
                              /Applications/STM32CubeIDE.app/Contents/Eclipse/plugins/com.st.stm32cube.ide.mcu.externaltools.gnu-tools-for-stm32.9-2020-q2-update.macos64_1.5.0.202011040924/tools/bin/../lib/gcc/arm-none-eabi/9.3.1/../../../../arm-none-eabi/lib/thumb/v7-m/nofp/libc_nano.a(lib_a-exit.o) (_global_impure_ptr)
/Applications/STM32CubeIDE.app/Contents/Eclipse/plugins/com.st.stm32cube.ide.mcu.externaltools.gnu-tools-for-stm32.9-2020-q2-update.macos64_1.5.0.202011040924/tools/bin/../lib/gcc/arm-none-eabi/9.3.1/../../../../arm-none-eabi/lib/thumb/v7-m/nofp/libc_nano.a(lib_a-init.o)
                              /Applications/STM32CubeIDE.app/Contents/Eclipse/plugins/com.st.stm32cube.ide.mcu.externaltools.gnu-tools-for-stm32.9-2020-q2-update.macos64_1.5.0.202011040924/tools/bin/../lib/gcc/arm-none-eabi/9.3.1/../../../../arm-none-eabi/lib/thumb/v7-m/nofp/crt0.o (__libc_init_array)
/Applications/STM32CubeIDE.app/Contents/Eclipse/plugins/com.st.stm32cube.ide.mcu.externaltools.gnu-tools-for-stm32.9-2020-q2-update.macos64_1.5.0.202011040924/tools/bin/../lib/gcc/arm-none-eabi/9.3.1/../../../../arm-none-eabi/lib/thumb/v7-m/nofp/libc_nano.a(lib_a-malloc.o)
                              Core/Common/Src/queue.o (free)
/Applications/STM32CubeIDE.app/Contents/Eclipse/plugins/com.st.stm32cube.ide.mcu.externaltools.gnu-tools-for-stm32.9-2020-q2-update.macos64_1.5.0.202011040924/tools/bin/../lib/gcc/arm-none-eabi/9.3.1/../../../../arm-none-eabi/lib/thumb/v7-m/nofp/libc_nano.a(lib_a-memcpy-stub.o)
                              Core/Common/Src/queue.o (memcpy)
/Applications/STM32CubeIDE.app/Contents/Eclipse/plugins/com.st.stm32cube.ide.mcu.externaltools.gnu-tools-for-stm32.9-2020-q2-update.macos64_1.5.0.202011040924/tools/bin/../lib/gcc/arm-none-eabi/9.3.1/../../../../arm-none-eabi/lib/thumb/v7-m/nofp/libc_nano.a(lib_a-memset.o)
                              /Applications/STM32CubeIDE.app/Contents/Eclipse/plugins/com.st.stm32cube.ide.mcu.externaltools.gnu-tools-for-stm32.9-2020-q2-update.macos64_1.5.0.202011040924/tools/bin/../lib/gcc/arm-none-eabi/9.3.1/../../../../arm-none-eabi/lib/thumb/v7-m/nofp/crt0.o (memset)
/Applications/STM32CubeIDE.app/Contents/Eclipse/plugins/com.st.stm32cube.ide.mcu.externaltools.gnu-tools-for-stm32.9-2020-q2-update.macos64_1.5.0.202011040924/tools/bin/../lib/gcc/arm-none-eabi/9.3.1/../../../../arm-none-eabi/lib/thumb/v7-m/nofp/libc_nano.a(lib_a-nano-callocr.o)
                              /Applications/STM32CubeIDE.app/Contents/Eclipse/plugins/com.st.stm32cube.ide.mcu.externaltools.gnu-tools-for-stm32.9-2020-q2-update.macos64_1.5.0.202011040924/tools/bin/../lib/gcc/arm-none-eabi/9.3.1/../../../../arm-none-eabi/lib/thumb/v7-m/nofp/libc_nano.a(lib_a-calloc.o) (_calloc_r)
/Applications/STM32CubeIDE.app/Contents/Eclipse/plugins/com.st.stm32cube.ide.mcu.externaltools.gnu-tools-for-stm32.9-2020-q2-update.macos64_1.5.0.202011040924/tools/bin/../lib/gcc/arm-none-eabi/9.3.1/../../../../arm-none-eabi/lib/thumb/v7-m/nofp/libc_nano.a(lib_a-nano-freer.o)
                              /Applications/STM32CubeIDE.app/Contents/Eclipse/plugins/com.st.stm32cube.ide.mcu.externaltools.gnu-tools-for-stm32.9-2020-q2-update.macos64_1.5.0.202011040924/tools/bin/../lib/gcc/arm-none-eabi/9.3.1/../../../../arm-none-eabi/lib/thumb/v7-m/nofp/libc_nano.a(lib_a-malloc.o) (_free_r)
[...]
Memory Configuration

Name             Origin             Length             Attributes
RAM              0x0000000020000000 0x0000000000020000 xrw
FLASH            0x0000000008000000 0x0000000000100000 xr
*default*        0x0000000000000000 0xffffffffffffffff

Linker script and memory map

LOAD /Applications/STM32CubeIDE.app/Contents/Eclipse/plugins/com.st.stm32cube.ide.mcu.externaltools.gnu-tools-for-stm32.9-2020-q2-update.macos64_1.5.0.202011040924/tools/bin/../lib/gcc/arm-none-eabi/9.3.1/thumb/v7-m/nofp/crti.o
LOAD /Applications/STM32CubeIDE.app/Contents/Eclipse/plugins/com.st.stm32cube.ide.mcu.externaltools.gnu-tools-for-stm32.9-2020-q2-update.macos64_1.5.0.202011040924/tools/bin/../lib/gcc/arm-none-eabi/9.3.1/thumb/v7-m/nofp/crtbegin.o
LOAD /Applications/STM32CubeIDE.app/Contents/Eclipse/plugins/com.st.stm32cube.ide.mcu.externaltools.gnu-tools-for-stm32.9-2020-q2-update.macos64_1.5.0.202011040924/tools/bin/../lib/gcc/arm-none-eabi/9.3.1/../../../../arm-none-eabi/lib/thumb/v7-m/nofp/crt0.o
LOAD Core/Common/Src/AMS_CAN_Messages.o
LOAD Core/Common/Src/BMS_CAN_Messages.o
LOAD Core/Common/Src/CC_CAN_Messages.o
LOAD Core/Common/Src/FSM.o
LOAD Core/Common/Src/PDM_CAN_Messages.o
LOAD Core/Common/Src/QUTMS_can.o
LOAD Core/Common/Src/SHDN_BSPD_CAN_Messages.o
LOAD Core/Common/Src/SHDN_CAN_Messages.o
LOAD Core/Common/Src/SHDN_IMD_CAN_Messages.o
LOAD Core/Common/Src/Timer.o
LOAD Core/Common/Src/queue.o
LOAD Core/Common/Src/window_filtering.o
LOAD Core/Src/can.o
LOAD Core/Src/gpio.o
LOAD Core/Src/main.o
LOAD Core/Src/stm32f2xx_hal_msp.o
LOAD Core/Src/stm32f2xx_it.o
LOAD Core/Src/syscalls.o
LOAD Core/Src/sysmem.o
LOAD Core/Src/system_stm32f2xx.o
LOAD Core/Src/usart.o
LOAD Core/Startup/startup_stm32f207vgtx.o
LOAD Drivers/STM32F2xx_HAL_Driver/Src/stm32f2xx_hal.o
LOAD Drivers/STM32F2xx_HAL_Driver/Src/stm32f2xx_hal_can.o
LOAD Drivers/STM32F2xx_HAL_Driver/Src/stm32f2xx_hal_cortex.o
LOAD Drivers/STM32F2xx_HAL_Driver/Src/stm32f2xx_hal_dma.o
LOAD Drivers/STM32F2xx_HAL_Driver/Src/stm32f2xx_hal_dma_ex.o
LOAD Drivers/STM32F2xx_HAL_Driver/Src/stm32f2xx_hal_exti.o
LOAD Drivers/STM32F2xx_HAL_Driver/Src/stm32f2xx_hal_flash.o
LOAD Drivers/STM32F2xx_HAL_Driver/Src/stm32f2xx_hal_flash_ex.o
LOAD Drivers/STM32F2xx_HAL_Driver/Src/stm32f2xx_hal_gpio.o
LOAD Drivers/STM32F2xx_HAL_Driver/Src/stm32f2xx_hal_pwr.o
LOAD Drivers/STM32F2xx_HAL_Driver/Src/stm32f2xx_hal_pwr_ex.o
LOAD Drivers/STM32F2xx_HAL_Driver/Src/stm32f2xx_hal_rcc.o
LOAD Drivers/STM32F2xx_HAL_Driver/Src/stm32f2xx_hal_rcc_ex.o
LOAD Drivers/STM32F2xx_HAL_Driver/Src/stm32f2xx_hal_tim.o
LOAD Drivers/STM32F2xx_HAL_Driver/Src/stm32f2xx_hal_tim_ex.o
LOAD Drivers/STM32F2xx_HAL_Driver/Src/stm32f2xx_hal_uart.o
START GROUP
LOAD /Applications/STM32CubeIDE.app/Contents/Eclipse/plugins/com.st.stm32cube.ide.mcu.externaltools.gnu-tools-for-stm32.9-2020-q2-update.macos64_1.5.0.202011040924/tools/bin/../lib/gcc/arm-none-eabi/9.3.1/../../../../arm-none-eabi/lib/thumb/v7-m/nofp/libc_nano.a
LOAD /Applications/STM32CubeIDE.app/Contents/Eclipse/plugins/com.st.stm32cube.ide.mcu.externaltools.gnu-tools-for-stm32.9-2020-q2-update.macos64_1.5.0.202011040924/tools/bin/../lib/gcc/arm-none-eabi/9.3.1/../../../../arm-none-eabi/lib/thumb/v7-m/nofp/libm.a
END GROUP
START GROUP
LOAD /Applications/STM32CubeIDE.app/Contents/Eclipse/plugins/com.st.stm32cube.ide.mcu.externaltools.gnu-tools-for-stm32.9-2020-q2-update.macos64_1.5.0.202011040924/tools/bin/../lib/gcc/arm-none-eabi/9.3.1/thumb/v7-m/nofp/libgcc.a
LOAD /Applications/STM32CubeIDE.app/Contents/Eclipse/plugins/com.st.stm32cube.ide.mcu.externaltools.gnu-tools-for-stm32.9-2020-q2-update.macos64_1.5.0.202011040924/tools/bin/../lib/gcc/arm-none-eabi/9.3.1/../../../../arm-none-eabi/lib/thumb/v7-m/nofp/libc_nano.a
END GROUP
START GROUP
LOAD /Applications/STM32CubeIDE.app/Contents/Eclipse/plugins/com.st.stm32cube.ide.mcu.externaltools.gnu-tools-for-stm32.9-2020-q2-update.macos64_1.5.0.202011040924/tools/bin/../lib/gcc/arm-none-eabi/9.3.1/thumb/v7-m/nofp/libgcc.a
LOAD /Applications/STM32CubeIDE.app/Contents/Eclipse/plugins/com.st.stm32cube.ide.mcu.externaltools.gnu-tools-for-stm32.9-2020-q2-update.macos64_1.5.0.202011040924/tools/bin/../lib/gcc/arm-none-eabi/9.3.1/../../../../arm-none-eabi/lib/thumb/v7-m/nofp/libc_nano.a
LOAD /Applications/STM32CubeIDE.app/Contents/Eclipse/plugins/com.st.stm32cube.ide.mcu.externaltools.gnu-tools-for-stm32.9-2020-q2-update.macos64_1.5.0.202011040924/tools/bin/../lib/gcc/arm-none-eabi/9.3.1/../../../../arm-none-eabi/lib/thumb/v7-m/nofp/libnosys.a
END GROUP
START GROUP
LOAD /Applications/STM32CubeIDE.app/Contents/Eclipse/plugins/com.st.stm32cube.ide.mcu.externaltools.gnu-tools-for-stm32.9-2020-q2-update.macos64_1.5.0.202011040924/tools/bin/../lib/gcc/arm-none-eabi/9.3.1/thumb/v7-m/nofp/libgcc.a
LOAD /Applications/STM32CubeIDE.app/Contents/Eclipse/plugins/com.st.stm32cube.ide.mcu.externaltools.gnu-tools-for-stm32.9-2020-q2-update.macos64_1.5.0.202011040924/tools/bin/../lib/gcc/arm-none-eabi/9.3.1/../../../../arm-none-eabi/lib/thumb/v7-m/nofp/libc_nano.a
LOAD /Applications/STM32CubeIDE.app/Contents/Eclipse/plugins/com.st.stm32cube.ide.mcu.externaltools.gnu-tools-for-stm32.9-2020-q2-update.macos64_1.5.0.202011040924/tools/bin/../lib/gcc/arm-none-eabi/9.3.1/../../../../arm-none-eabi/lib/thumb/v7-m/nofp/libnosys.a
END GROUP
LOAD /Applications/STM32CubeIDE.app/Contents/Eclipse/plugins/com.st.stm32cube.ide.mcu.externaltools.gnu-tools-for-stm32.9-2020-q2-update.macos64_1.5.0.202011040924/tools/bin/../lib/gcc/arm-none-eabi/9.3.1/thumb/v7-m/nofp/crtend.o
LOAD /Applications/STM32CubeIDE.app/Contents/Eclipse/plugins/com.st.stm32cube.ide.mcu.externaltools.gnu-tools-for-stm32.9-2020-q2-update.macos64_1.5.0.202011040924/tools/bin/../lib/gcc/arm-none-eabi/9.3.1/thumb/v7-m/nofp/crtn.o
                0x0000000020020000                _estack = (ORIGIN (RAM) + LENGTH (RAM))
                0x0000000000000200                _Min_Heap_Size = 0x200
                0x0000000000000400                _Min_Stack_Size = 0x400

.isr_vector     0x0000000008000000      0x184
                0x0000000008000000                . = ALIGN (0x4)
 *(.isr_vector)
 .isr_vector    0x0000000008000000      0x184 Core/Startup/startup_stm32f207vgtx.o
                0x0000000008000000                g_pfnVectors
                0x0000000008000184                . = ALIGN (0x4)

.text           0x0000000008000184     0x3810
                0x0000000008000184                . = ALIGN (0x4)
 *(.text)
 .text          0x0000000008000184       0x40 /Applications/STM32CubeIDE.app/Contents/Eclipse/plugins/com.st.stm32cube.ide.mcu.externaltools.gnu-tools-for-stm32.9-2020-q2-update.macos64_1.5.0.202011040924/tools/bin/../lib/gcc/arm-none-eabi/9.3.1/thumb/v7-m/nofp/crtbegin.o
 .text          0x00000000080001c4       0x30 /Applications/STM32CubeIDE.app/Contents/Eclipse/plugins/com.st.stm32cube.ide.mcu.externaltools.gnu-tools-for-stm32.9-2020-q2-update.macos64_1.5.0.202011040924/tools/bin/../lib/gcc/arm-none-eabi/9.3.1/thumb/v7-m/nofp/libgcc.a(_aeabi_uldivmod.o)
                0x00000000080001c4                __aeabi_uldivmod
 .text          0x00000000080001f4      0x2c4 /Applications/STM32CubeIDE.app/Contents/Eclipse/plugins/com.st.stm32cube.ide.mcu.externaltools.gnu-tools-for-stm32.9-2020-q2-update.macos64_1.5.0.202011040924/tools/bin/../lib/gcc/arm-none-eabi/9.3.1/thumb/v7-m/nofp/libgcc.a(_udivmoddi4.o)
                0x00000000080001f4                __udivmoddi4
 .text          0x00000000080004b8        0x4 /Applications/STM32CubeIDE.app/Contents/Eclipse/plugins/com.st.stm32cube.ide.mcu.externaltools.gnu-tools-for-stm32.9-2020-q2-update.macos64_1.5.0.202011040924/tools/bin/../lib/gcc/arm-none-eabi/9.3.1/thumb/v7-m/nofp/libgcc.a(_dvmd_tls.o)
                0x00000000080004b8                __aeabi_ldiv0
                0x00000000080004b8                __aeabi_idiv0
 *(.text*)
 .text.queue_init
                0x00000000080004bc       0x58 Core/Common/Src/queue.o
                0x00000000080004bc                queue_init
 .text.queue_add
                0x0000000008000514       0x6e Core/Common/Src/queue.o
                0x0000000008000514                queue_add
 .text.queue_next
                0x0000000008000582       0x68 Core/Common/Src/queue.o
                0x0000000008000582                queue_next
 .text.queue_empty
                0x00000000080005ea       0x20 Core/Common/Src/queue.o
                0x00000000080005ea                queue_empty
 *fill*         0x000000000800060a        0x2 
 .text.MX_CAN1_Init
                0x000000000800060c       0x6c Core/Src/can.o
                0x000000000800060c                MX_CAN1_Init
 .text.MX_CAN2_Init
                0x0000000008000678       0x6c Core/Src/can.o
                0x0000000008000678                MX_CAN2_Init
 .text.HAL_CAN_MspInit
                0x00000000080006e4      0x17c Core/Src/can.o
                0x00000000080006e4                HAL_CAN_MspInit
 .text.MX_GPIO_Init
                0x0000000008000860       0x30 Core/Src/gpio.o
                0x0000000008000860                MX_GPIO_Init
 .text.main     0x0000000008000890      0x1c0 Core/Src/main.o
                0x0000000008000890                main
 .text.SystemClock_Config
                0x0000000008000a50       0x76 Core/Src/main.o
                0x0000000008000a50                SystemClock_Config
 *fill*         0x0000000008000ac6        0x2 
 .text._write   0x0000000008000ac8       0x4c Core/Src/main.o
                0x0000000008000ac8                _write
 .text.handleCAN
                0x0000000008000b14       0x88 Core/Src/main.o
                0x0000000008000b14                handleCAN
 .text.Error_Handler
                0x0000000008000b9c        0xa Core/Src/main.o
                0x0000000008000b9c                Error_Handler
 *fill*         0x0000000008000ba6        0x2 
 .text.HAL_MspInit
                0x0000000008000ba8       0x4c Core/Src/stm32f2xx_hal_msp.o
                0x0000000008000ba8                HAL_MspInit
 .text.NMI_Handler
                0x0000000008000bf4        0x6 Core/Src/stm32f2xx_it.o
                0x0000000008000bf4                NMI_Handler
 .text.HardFault_Handler
                0x0000000008000bfa        0x6 Core/Src/stm32f2xx_it.o
                0x0000000008000bfa                HardFault_Handler
 .text.MemManage_Handler
                0x0000000008000c00        0x6 Core/Src/stm32f2xx_it.o
                0x0000000008000c00                MemManage_Handler
 .text.BusFault_Handler
                0x0000000008000c06        0x6 Core/Src/stm32f2xx_it.o
                0x0000000008000c06                BusFault_Handler
 .text.UsageFault_Handler
                0x0000000008000c0c        0x6 Core/Src/stm32f2xx_it.o
                0x0000000008000c0c                UsageFault_Handler
 .text.SVC_Handler
                0x0000000008000c12        0xc Core/Src/stm32f2xx_it.o
                0x0000000008000c12                SVC_Handler
 .text.DebugMon_Handler
                0x0000000008000c1e        0xc Core/Src/stm32f2xx_it.o
                0x0000000008000c1e                DebugMon_Handler
 .text.PendSV_Handler
                0x0000000008000c2a        0xc Core/Src/stm32f2xx_it.o
                0x0000000008000c2a                PendSV_Handler
 .text.SysTick_Handler
                0x0000000008000c36        0xc Core/Src/stm32f2xx_it.o
                0x0000000008000c36                SysTick_Handler
 *fill*         0x0000000008000c42        0x2 
 .text.CAN1_RX0_IRQHandler
                0x0000000008000c44       0x1c Core/Src/stm32f2xx_it.o
                0x0000000008000c44                CAN1_RX0_IRQHandler
 .text.CAN1_RX1_IRQHandler
                0x0000000008000c60       0x1c Core/Src/stm32f2xx_it.o
                0x0000000008000c60                CAN1_RX1_IRQHandler
 .text.CAN2_RX0_IRQHandler
                0x0000000008000c7c       0x1c Core/Src/stm32f2xx_it.o
                0x0000000008000c7c                CAN2_RX0_IRQHandler
 .text.CAN2_RX1_IRQHandler
                0x0000000008000c98       0x1c Core/Src/stm32f2xx_it.o
                0x0000000008000c98                CAN2_RX1_IRQHandler
 .text._read    0x0000000008000cb4       0x3a Core/Src/syscalls.o
                0x0000000008000cb4                _read
 .text._close   0x0000000008000cee       0x16 Core/Src/syscalls.o
                0x0000000008000cee                _close
 .text._fstat   0x0000000008000d04       0x1e Core/Src/syscalls.o
                0x0000000008000d04                _fstat
 .text._isatty  0x0000000008000d22       0x14 Core/Src/syscalls.o
                0x0000000008000d22                _isatty
 .text._lseek   0x0000000008000d36       0x18 Core/Src/syscalls.o
                0x0000000008000d36                _lseek
 *fill*         0x0000000008000d4e        0x2 
 .text._sbrk    0x0000000008000d50       0x6c Core/Src/sysmem.o
                0x0000000008000d50                _sbrk
 .text.SystemInit
                0x0000000008000dbc        0xc Core/Src/system_stm32f2xx.o
                0x0000000008000dbc                SystemInit
 .text.MX_USART3_UART_Init
                0x0000000008000dc8       0x54 Core/Src/usart.o
                0x0000000008000dc8                MX_USART3_UART_Init
 .text.HAL_UART_MspInit
                0x0000000008000e1c       0x90 Core/Src/usart.o
                0x0000000008000e1c                HAL_UART_MspInit
 .text.Reset_Handler
                0x0000000008000eac       0x50 Core/Startup/startup_stm32f207vgtx.o
                0x0000000008000eac                Reset_Handler
 .text.Default_Handler
                0x0000000008000efc        0x2 Core/Startup/startup_stm32f207vgtx.o
                0x0000000008000efc                DMA1_Stream3_IRQHandler
                0x0000000008000efc                HASH_RNG_IRQHandler
                0x0000000008000efc                EXTI2_IRQHandler
                0x0000000008000efc                TIM8_CC_IRQHandler
                0x0000000008000efc                TIM1_CC_IRQHandler
                0x0000000008000efc                DMA2_Stream5_IRQHandler
                0x0000000008000efc                DMA1_Stream5_IRQHandler
                0x0000000008000efc                PVD_IRQHandler
                0x0000000008000efc                SDIO_IRQHandler
                0x0000000008000efc                TAMP_STAMP_IRQHandler
                0x0000000008000efc                EXTI3_IRQHandler
                0x0000000008000efc                TIM8_TRG_COM_TIM14_IRQHandler
                0x0000000008000efc                TIM1_UP_TIM10_IRQHandler
                0x0000000008000efc                TIM8_UP_TIM13_IRQHandler
                0x0000000008000efc                I2C3_ER_IRQHandler
                0x0000000008000efc                EXTI0_IRQHandler
                0x0000000008000efc                I2C2_EV_IRQHandler
                0x0000000008000efc                DMA1_Stream2_IRQHandler
                0x0000000008000efc                OTG_HS_WKUP_IRQHandler
                0x0000000008000efc                CAN2_SCE_IRQHandler
                0x0000000008000efc                DMA2_Stream2_IRQHandler
                0x0000000008000efc                SPI1_IRQHandler
                0x0000000008000efc                TIM6_DAC_IRQHandler
                0x0000000008000efc                TIM1_BRK_TIM9_IRQHandler
                0x0000000008000efc                DCMI_IRQHandler
                0x0000000008000efc                DMA2_Stream3_IRQHandler
                0x0000000008000efc                USART6_IRQHandler
                0x0000000008000efc                USART3_IRQHandler
                0x0000000008000efc                UART5_IRQHandler
                0x0000000008000efc                DMA2_Stream0_IRQHandler
                0x0000000008000efc                TIM4_IRQHandler
                0x0000000008000efc                I2C1_EV_IRQHandler
                0x0000000008000efc                DMA1_Stream6_IRQHandler
                0x0000000008000efc                DMA1_Stream1_IRQHandler
                0x0000000008000efc                UART4_IRQHandler
                0x0000000008000efc                TIM3_IRQHandler
                0x0000000008000efc                RCC_IRQHandler
                0x0000000008000efc                TIM8_BRK_TIM12_IRQHandler
                0x0000000008000efc                Default_Handler
                0x0000000008000efc                EXTI15_10_IRQHandler
                0x0000000008000efc                ADC_IRQHandler
                0x0000000008000efc                DMA1_Stream7_IRQHandler
                0x0000000008000efc                TIM7_IRQHandler
                0x0000000008000efc                CAN2_TX_IRQHandler
                0x0000000008000efc                TIM5_IRQHandler
                0x0000000008000efc                DMA2_Stream7_IRQHandler
                0x0000000008000efc                I2C3_EV_IRQHandler
                0x0000000008000efc                EXTI9_5_IRQHandler
                0x0000000008000efc                RTC_WKUP_IRQHandler
                0x0000000008000efc                ETH_WKUP_IRQHandler
                0x0000000008000efc                SPI2_IRQHandler
                0x0000000008000efc                OTG_HS_EP1_IN_IRQHandler
                0x0000000008000efc                DMA1_Stream0_IRQHandler
                0x0000000008000efc                CAN1_TX_IRQHandler
                0x0000000008000efc                EXTI4_IRQHandler
                0x0000000008000efc                FSMC_IRQHandler
                0x0000000008000efc                ETH_IRQHandler
                0x0000000008000efc                OTG_HS_EP1_OUT_IRQHandler
                0x0000000008000efc                WWDG_IRQHandler
                0x0000000008000efc                TIM2_IRQHandler
                0x0000000008000efc                OTG_FS_WKUP_IRQHandler
                0x0000000008000efc                TIM1_TRG_COM_TIM11_IRQHandler
                0x0000000008000efc                OTG_HS_IRQHandler
                0x0000000008000efc                EXTI1_IRQHandler
                0x0000000008000efc                USART2_IRQHandler
                0x0000000008000efc                I2C2_ER_IRQHandler
                0x0000000008000efc                DMA2_Stream1_IRQHandler
                0x0000000008000efc                CAN1_SCE_IRQHandler
                0x0000000008000efc                FLASH_IRQHandler
                0x0000000008000efc                DMA2_Stream4_IRQHandler
                0x0000000008000efc                USART1_IRQHandler
                0x0000000008000efc                OTG_FS_IRQHandler
                0x0000000008000efc                SPI3_IRQHandler
                0x0000000008000efc                DMA1_Stream4_IRQHandler
                0x0000000008000efc                I2C1_ER_IRQHandler
                0x0000000008000efc                DMA2_Stream6_IRQHandler
                0x0000000008000efc                RTC_Alarm_IRQHandler
 *fill*         0x0000000008000efe        0x2 
 .text.HAL_Init
                0x0000000008000f00       0x44 Drivers/STM32F2xx_HAL_Driver/Src/stm32f2xx_hal.o
                0x0000000008000f00                HAL_Init
 .text.HAL_InitTick
                0x0000000008000f44       0x60 Drivers/STM32F2xx_HAL_Driver/Src/stm32f2xx_hal.o
                0x0000000008000f44                HAL_InitTick
 .text.HAL_IncTick
                0x0000000008000fa4       0x24 Drivers/STM32F2xx_HAL_Driver/Src/stm32f2xx_hal.o
                0x0000000008000fa4                HAL_IncTick
 .text.HAL_GetTick
                0x0000000008000fc8       0x14 Drivers/STM32F2xx_HAL_Driver/Src/stm32f2xx_hal.o
                0x0000000008000fc8                HAL_GetTick
 .text.HAL_CAN_Init
                0x0000000008000fdc      0x1f6 Drivers/STM32F2xx_HAL_Driver/Src/stm32f2xx_hal_can.o
                0x0000000008000fdc                HAL_CAN_Init
 *fill*         0x00000000080011d2        0x2 
 .text.HAL_CAN_ConfigFilter
                0x00000000080011d4      0x1c0 Drivers/STM32F2xx_HAL_Driver/Src/stm32f2xx_hal_can.o
                0x00000000080011d4                HAL_CAN_ConfigFilter
 .text.HAL_CAN_Start
                0x0000000008001394       0x88 Drivers/STM32F2xx_HAL_Driver/Src/stm32f2xx_hal_can.o
                0x0000000008001394                HAL_CAN_Start
 .text.HAL_CAN_AddTxMessage
                0x000000000800141c      0x1b4 Drivers/STM32F2xx_HAL_Driver/Src/stm32f2xx_hal_can.o
                0x000000000800141c                HAL_CAN_AddTxMessage
 .text.HAL_CAN_GetTxMailboxesFreeLevel
                0x00000000080015d0       0x68 Drivers/STM32F2xx_HAL_Driver/Src/stm32f2xx_hal_can.o
                0x00000000080015d0                HAL_CAN_GetTxMailboxesFreeLevel
 .text.HAL_CAN_GetRxMessage
                0x0000000008001638      0x222 Drivers/STM32F2xx_HAL_Driver/Src/stm32f2xx_hal_can.o
                0x0000000008001638                HAL_CAN_GetRxMessage
 .text.HAL_CAN_GetRxFifoFillLevel
                0x000000000800185a       0x4e Drivers/STM32F2xx_HAL_Driver/Src/stm32f2xx_hal_can.o
                0x000000000800185a                HAL_CAN_GetRxFifoFillLevel
 .text.HAL_CAN_ActivateNotification
                0x00000000080018a8       0x4a Drivers/STM32F2xx_HAL_Driver/Src/stm32f2xx_hal_can.o
                0x00000000080018a8                HAL_CAN_ActivateNotification
 .text.HAL_CAN_IRQHandler
                0x00000000080018f2      0x36e Drivers/STM32F2xx_HAL_Driver/Src/stm32f2xx_hal_can.o
                0x00000000080018f2                HAL_CAN_IRQHandler
 .text.HAL_CAN_TxMailbox0CompleteCallback
                0x0000000008001c60       0x12 Drivers/STM32F2xx_HAL_Driver/Src/stm32f2xx_hal_can.o
                0x0000000008001c60                HAL_CAN_TxMailbox0CompleteCallback
 .text.HAL_CAN_TxMailbox1CompleteCallback
                0x0000000008001c72       0x12 Drivers/STM32F2xx_HAL_Driver/Src/stm32f2xx_hal_can.o
                0x0000000008001c72                HAL_CAN_TxMailbox1CompleteCallback
 .text.HAL_CAN_TxMailbox2CompleteCallback
                0x0000000008001c84       0x12 Drivers/STM32F2xx_HAL_Driver/Src/stm32f2xx_hal_can.o
                0x0000000008001c84                HAL_CAN_TxMailbox2CompleteCallback
 .text.HAL_CAN_TxMailbox0AbortCallback
                0x0000000008001c96       0x12 Drivers/STM32F2xx_HAL_Driver/Src/stm32f2xx_hal_can.o
                0x0000000008001c96                HAL_CAN_TxMailbox0AbortCallback
 .text.HAL_CAN_TxMailbox1AbortCallback
                0x0000000008001ca8       0x12 Drivers/STM32F2xx_HAL_Driver/Src/stm32f2xx_hal_can.o
                0x0000000008001ca8                HAL_CAN_TxMailbox1AbortCallback
 .text.HAL_CAN_TxMailbox2AbortCallback
                0x0000000008001cba       0x12 Drivers/STM32F2xx_HAL_Driver/Src/stm32f2xx_hal_can.o
                0x0000000008001cba                HAL_CAN_TxMailbox2AbortCallback
 .text.HAL_CAN_RxFifo0MsgPendingCallback
                0x0000000008001ccc       0x12 Drivers/STM32F2xx_HAL_Driver/Src/stm32f2xx_hal_can.o
                0x0000000008001ccc                HAL_CAN_RxFifo0MsgPendingCallback
 .text.HAL_CAN_RxFifo0FullCallback
                0x0000000008001cde       0x12 Drivers/STM32F2xx_HAL_Driver/Src/stm32f2xx_hal_can.o
                0x0000000008001cde                HAL_CAN_RxFifo0FullCallback
 .text.HAL_CAN_RxFifo1MsgPendingCallback
                0x0000000008001cf0       0x12 Drivers/STM32F2xx_HAL_Driver/Src/stm32f2xx_hal_can.o
                0x0000000008001cf0                HAL_CAN_RxFifo1MsgPendingCallback
 .text.HAL_CAN_RxFifo1FullCallback
                0x0000000008001d02       0x12 Drivers/STM32F2xx_HAL_Driver/Src/stm32f2xx_hal_can.o
                0x0000000008001d02                HAL_CAN_RxFifo1FullCallback
 .text.HAL_CAN_SleepCallback
                0x0000000008001d14       0x12 Drivers/STM32F2xx_HAL_Driver/Src/stm32f2xx_hal_can.o
                0x0000000008001d14                HAL_CAN_SleepCallback
 .text.HAL_CAN_WakeUpFromRxMsgCallback
                0x0000000008001d26       0x12 Drivers/STM32F2xx_HAL_Driver/Src/stm32f2xx_hal_can.o
                0x0000000008001d26                HAL_CAN_WakeUpFromRxMsgCallback
 .text.HAL_CAN_ErrorCallback
                0x0000000008001d38       0x12 Drivers/STM32F2xx_HAL_Driver/Src/stm32f2xx_hal_can.o
                0x0000000008001d38                HAL_CAN_ErrorCallback
 *fill*         0x0000000008001d4a        0x2 
 .text.__NVIC_SetPriorityGrouping
                0x0000000008001d4c       0x48 Drivers/STM32F2xx_HAL_Driver/Src/stm32f2xx_hal_cortex.o
 .text.__NVIC_GetPriorityGrouping
                0x0000000008001d94       0x1c Drivers/STM32F2xx_HAL_Driver/Src/stm32f2xx_hal_cortex.o
 .text.__NVIC_EnableIRQ
                0x0000000008001db0       0x38 Drivers/STM32F2xx_HAL_Driver/Src/stm32f2xx_hal_cortex.o
 .text.__NVIC_SetPriority
                0x0000000008001de8       0x54 Drivers/STM32F2xx_HAL_Driver/Src/stm32f2xx_hal_cortex.o
 .text.NVIC_EncodePriority
                0x0000000008001e3c       0x64 Drivers/STM32F2xx_HAL_Driver/Src/stm32f2xx_hal_cortex.o
 .text.SysTick_Config
                0x0000000008001ea0       0x44 Drivers/STM32F2xx_HAL_Driver/Src/stm32f2xx_hal_cortex.o
 .text.HAL_NVIC_SetPriorityGrouping
                0x0000000008001ee4       0x16 Drivers/STM32F2xx_HAL_Driver/Src/stm32f2xx_hal_cortex.o
                0x0000000008001ee4                HAL_NVIC_SetPriorityGrouping
 .text.HAL_NVIC_SetPriority
                0x0000000008001efa       0x38 Drivers/STM32F2xx_HAL_Driver/Src/stm32f2xx_hal_cortex.o
                0x0000000008001efa                HAL_NVIC_SetPriority
 .text.HAL_NVIC_EnableIRQ
                0x0000000008001f32       0x1c Drivers/STM32F2xx_HAL_Driver/Src/stm32f2xx_hal_cortex.o
                0x0000000008001f32                HAL_NVIC_EnableIRQ
 .text.HAL_SYSTICK_Config
                0x0000000008001f4e       0x18 Drivers/STM32F2xx_HAL_Driver/Src/stm32f2xx_hal_cortex.o
                0x0000000008001f4e                HAL_SYSTICK_Config
 *fill*         0x0000000008001f66        0x2 
 .text.HAL_GPIO_Init
                0x0000000008001f68      0x33c Drivers/STM32F2xx_HAL_Driver/Src/stm32f2xx_hal_gpio.o
                0x0000000008001f68                HAL_GPIO_Init
 .text.HAL_RCC_OscConfig
                0x00000000080022a4      0x4a0 Drivers/STM32F2xx_HAL_Driver/Src/stm32f2xx_hal_rcc.o
                0x00000000080022a4                HAL_RCC_OscConfig
 .text.HAL_RCC_ClockConfig
                0x0000000008002744      0x1d8 Drivers/STM32F2xx_HAL_Driver/Src/stm32f2xx_hal_rcc.o
                0x0000000008002744                HAL_RCC_ClockConfig
 .text.HAL_RCC_GetSysClockFreq
                0x000000000800291c      0x16c Drivers/STM32F2xx_HAL_Driver/Src/stm32f2xx_hal_rcc.o
                0x000000000800291c                HAL_RCC_GetSysClockFreq
 .text.HAL_RCC_GetHCLKFreq
                0x0000000008002a88       0x14 Drivers/STM32F2xx_HAL_Driver/Src/stm32f2xx_hal_rcc.o
                0x0000000008002a88                HAL_RCC_GetHCLKFreq
 .text.HAL_RCC_GetPCLK1Freq
                0x0000000008002a9c       0x44 Drivers/STM32F2xx_HAL_Driver/Src/stm32f2xx_hal_rcc.o
                0x0000000008002a9c                HAL_RCC_GetPCLK1Freq
 .text.HAL_RCC_GetPCLK2Freq
                0x0000000008002ae0       0x44 Drivers/STM32F2xx_HAL_Driver/Src/stm32f2xx_hal_rcc.o
                0x0000000008002ae0                HAL_RCC_GetPCLK2Freq
 .text.HAL_UART_Init
                0x0000000008002b24       0x9a Drivers/STM32F2xx_HAL_Driver/Src/stm32f2xx_hal_uart.o
                0x0000000008002b24                HAL_UART_Init
 .text.HAL_UART_Transmit
                0x0000000008002bbe      0x124 Drivers/STM32F2xx_HAL_Driver/Src/stm32f2xx_hal_uart.o
                0x0000000008002bbe                HAL_UART_Transmit
 .text.UART_WaitOnFlagUntilTimeout
                0x0000000008002ce2       0x94 Drivers/STM32F2xx_HAL_Driver/Src/stm32f2xx_hal_uart.o
 *fill*         0x0000000008002d76        0x2 
 .text.UART_SetConfig
                0x0000000008002d78      0x1d4 Drivers/STM32F2xx_HAL_Driver/Src/stm32f2xx_hal_uart.o
 .text.calloc   0x0000000008002f4c       0x10 /Applications/STM32CubeIDE.app/Contents/Eclipse/plugins/com.st.stm32cube.ide.mcu.externaltools.gnu-tools-for-stm32.9-2020-q2-update.macos64_1.5.0.202011040924/tools/bin/../lib/gcc/arm-none-eabi/9.3.1/../../../../arm-none-eabi/lib/thumb/v7-m/nofp/libc_nano.a(lib_a-calloc.o)
                0x0000000008002f4c                calloc
 .text.__errno  0x0000000008002f5c        0xc /Applications/STM32CubeIDE.app/Contents/Eclipse/plugins/com.st.stm32cube.ide.mcu.externaltools.gnu-tools-for-stm32.9-2020-q2-update.macos64_1.5.0.202011040924/tools/bin/../lib/gcc/arm-none-eabi/9.3.1/../../../../arm-none-eabi/lib/thumb/v7-m/nofp/libc_nano.a(lib_a-errno.o)
                0x0000000008002f5c                __errno
 .text.__libc_init_array
                0x0000000008002f68       0x48 /Applications/STM32CubeIDE.app/Contents/Eclipse/plugins/com.st.stm32cube.ide.mcu.externaltools.gnu-tools-for-stm32.9-2020-q2-update.macos64_1.5.0.202011040924/tools/bin/../lib/gcc/arm-none-eabi/9.3.1/../../../../arm-none-eabi/lib/thumb/v7-m/nofp/libc_nano.a(lib_a-init.o)
                0x0000000008002f68                __libc_init_array
 .text.memcpy   0x0000000008002fb0       0x1c /Applications/STM32CubeIDE.app/Contents/Eclipse/plugins/com.st.stm32cube.ide.mcu.externaltools.gnu-tools-for-stm32.9-2020-q2-update.macos64_1.5.0.202011040924/tools/bin/../lib/gcc/arm-none-eabi/9.3.1/../../../../arm-none-eabi/lib/thumb/v7-m/nofp/libc_nano.a(lib_a-memcpy-stub.o)
                0x0000000008002fb0                memcpy
 .text.memset   0x0000000008002fcc       0x10 /Applications/STM32CubeIDE.app/Contents/Eclipse/plugins/com.st.stm32cube.ide.mcu.externaltools.gnu-tools-for-stm32.9-2020-q2-update.macos64_1.5.0.202011040924/tools/bin/../lib/gcc/arm-none-eabi/9.3.1/../../../../arm-none-eabi/lib/thumb/v7-m/nofp/libc_nano.a(lib_a-memset.o)
                0x0000000008002fcc                memset
 .text._calloc_r
                0x0000000008002fdc       0x1c /Applications/STM32CubeIDE.app/Contents/Eclipse/plugins/com.st.stm32cube.ide.mcu.externaltools.gnu-tools-for-stm32.9-2020-q2-update.macos64_1.5.0.202011040924/tools/bin/../lib/gcc/arm-none-eabi/9.3.1/../../../../arm-none-eabi/lib/thumb/v7-m/nofp/libc_nano.a(lib_a-nano-callocr.o)
                0x0000000008002fdc                _calloc_r
 .text._free_r  0x0000000008002ff8       0x98 /Applications/STM32CubeIDE.app/Contents/Eclipse/plugins/com.st.stm32cube.ide.mcu.externaltools.gnu-tools-for-stm32.9-2020-q2-update.macos64_1.5.0.202011040924/tools/bin/../lib/gcc/arm-none-eabi/9.3.1/../../../../arm-none-eabi/lib/thumb/v7-m/nofp/libc_nano.a(lib_a-nano-freer.o)
                0x0000000008002ff8                _free_r
 .text._malloc_r
                0x0000000008003090       0xb4 /Applications/STM32CubeIDE.app/Contents/Eclipse/plugins/com.st.stm32cube.ide.mcu.externaltools.gnu-tools-for-stm32.9-2020-q2-update.macos64_1.5.0.202011040924/tools/bin/../lib/gcc/arm-none-eabi/9.3.1/../../../../arm-none-eabi/lib/thumb/v7-m/nofp/libc_nano.a(lib_a-nano-mallocr.o)
                0x0000000008003090                _malloc_r
 .text._puts_r  0x0000000008003144       0xdc /Applications/STM32CubeIDE.app/Contents/Eclipse/plugins/com.st.stm32cube.ide.mcu.externaltools.gnu-tools-for-stm32.9-2020-q2-update.macos64_1.5.0.202011040924/tools/bin/../lib/gcc/arm-none-eabi/9.3.1/../../../../arm-none-eabi/lib/thumb/v7-m/nofp/libc_nano.a(lib_a-puts.o)
                0x0000000008003144                _puts_r
 .text.puts     0x0000000008003220       0x10 /Applications/STM32CubeIDE.app/Contents/Eclipse/plugins/com.st.stm32cube.ide.mcu.externaltools.gnu-tools-for-stm32.9-2020-q2-update.macos64_1.5.0.202011040924/tools/bin/../lib/gcc/arm-none-eabi/9.3.1/../../../../arm-none-eabi/lib/thumb/v7-m/nofp/libc_nano.a(lib_a-puts.o)
                0x0000000008003220                puts
 .text._sbrk_r  0x0000000008003230       0x20 /Applications/STM32CubeIDE.app/Contents/Eclipse/plugins/com.st.stm32cube.ide.mcu.externaltools.gnu-tools-for-stm32.9-2020-q2-update.macos64_1.5.0.202011040924/tools/bin/../lib/gcc/arm-none-eabi/9.3.1/../../../../arm-none-eabi/lib/thumb/v7-m/nofp/libc_nano.a(lib_a-sbrkr.o)
                0x0000000008003230                _sbrk_r
 .text.__swbuf_r
                0x0000000008003250       0xa4 /Applications/STM32CubeIDE.app/Contents/Eclipse/plugins/com.st.stm32cube.ide.mcu.externaltools.gnu-tools-for-stm32.9-2020-q2-update.macos64_1.5.0.202011040924/tools/bin/../lib/gcc/arm-none-eabi/9.3.1/../../../../arm-none-eabi/lib/thumb/v7-m/nofp/libc_nano.a(lib_a-wbuf.o)
                0x0000000008003250                __swbuf_r
 .text.__swsetup_r
                0x00000000080032f4       0xdc /Applications/STM32CubeIDE.app/Contents/Eclipse/plugins/com.st.stm32cube.ide.mcu.externaltools.gnu-tools-for-stm32.9-2020-q2-update.macos64_1.5.0.202011040924/tools/bin/../lib/gcc/arm-none-eabi/9.3.1/../../../../arm-none-eabi/lib/thumb/v7-m/nofp/libc_nano.a(lib_a-wsetup.o)
                0x00000000080032f4                __swsetup_r
 .text.__sflush_r
                0x00000000080033d0      0x10c /Applications/STM32CubeIDE.app/Contents/Eclipse/plugins/com.st.stm32cube.ide.mcu.externaltools.gnu-tools-for-stm32.9-2020-q2-update.macos64_1.5.0.202011040924/tools/bin/../lib/gcc/arm-none-eabi/9.3.1/../../../../arm-none-eabi/lib/thumb/v7-m/nofp/libc_nano.a(lib_a-fflush.o)
                0x00000000080033d0                __sflush_r
 .text._fflush_r
                0x00000000080034dc       0x78 /Applications/STM32CubeIDE.app/Contents/Eclipse/plugins/com.st.stm32cube.ide.mcu.externaltools.gnu-tools-for-stm32.9-2020-q2-update.macos64_1.5.0.202011040924/tools/bin/../lib/gcc/arm-none-eabi/9.3.1/../../../../arm-none-eabi/lib/thumb/v7-m/nofp/libc_nano.a(lib_a-fflush.o)
                0x00000000080034dc                _fflush_r
 .text.std      0x0000000008003554       0x48 /Applications/STM32CubeIDE.app/Contents/Eclipse/plugins/com.st.stm32cube.ide.mcu.externaltools.gnu-tools-for-stm32.9-2020-q2-update.macos64_1.5.0.202011040924/tools/bin/../lib/gcc/arm-none-eabi/9.3.1/../../../../arm-none-eabi/lib/thumb/v7-m/nofp/libc_nano.a(lib_a-findfp.o)
 .text._cleanup_r
                0x000000000800359c        0xc /Applications/STM32CubeIDE.app/Contents/Eclipse/plugins/com.st.stm32cube.ide.mcu.externaltools.gnu-tools-for-stm32.9-2020-q2-update.macos64_1.5.0.202011040924/tools/bin/../lib/gcc/arm-none-eabi/9.3.1/../../../../arm-none-eabi/lib/thumb/v7-m/nofp/libc_nano.a(lib_a-findfp.o)
                0x000000000800359c                _cleanup_r
 .text.__sfmoreglue
                0x00000000080035a8       0x2c /Applications/STM32CubeIDE.app/Contents/Eclipse/plugins/com.st.stm32cube.ide.mcu.externaltools.gnu-tools-for-stm32.9-2020-q2-update.macos64_1.5.0.202011040924/tools/bin/../lib/gcc/arm-none-eabi/9.3.1/../../../../arm-none-eabi/lib/thumb/v7-m/nofp/libc_nano.a(lib_a-findfp.o)
                0x00000000080035a8                __sfmoreglue
 .text.__sfp_lock_acquire
                0x00000000080035d4        0xc /Applications/STM32CubeIDE.app/Contents/Eclipse/plugins/com.st.stm32cube.ide.mcu.externaltools.gnu-tools-for-stm32.9-2020-q2-update.macos64_1.5.0.202011040924/tools/bin/../lib/gcc/arm-none-eabi/9.3.1/../../../../arm-none-eabi/lib/thumb/v7-m/nofp/libc_nano.a(lib_a-findfp.o)
                0x00000000080035d4                __sfp_lock_acquire
 .text.__sfp_lock_release
                0x00000000080035e0        0xc /Applications/STM32CubeIDE.app/Contents/Eclipse/plugins/com.st.stm32cube.ide.mcu.externaltools.gnu-tools-for-stm32.9-2020-q2-update.macos64_1.5.0.202011040924/tools/bin/../lib/gcc/arm-none-eabi/9.3.1/../../../../arm-none-eabi/lib/thumb/v7-m/nofp/libc_nano.a(lib_a-findfp.o)
                0x00000000080035e0                __sfp_lock_release
 .text.__sinit_lock_acquire
                0x00000000080035ec        0xc /Applications/STM32CubeIDE.app/Contents/Eclipse/plugins/com.st.stm32cube.ide.mcu.externaltools.gnu-tools-for-stm32.9-2020-q2-update.macos64_1.5.0.202011040924/tools/bin/../lib/gcc/arm-none-eabi/9.3.1/../../../../arm-none-eabi/lib/thumb/v7-m/nofp/libc_nano.a(lib_a-findfp.o)
                0x00000000080035ec                __sinit_lock_acquire
 .text.__sinit_lock_release
                0x00000000080035f8        0xc /Applications/STM32CubeIDE.app/Contents/Eclipse/plugins/com.st.stm32cube.ide.mcu.externaltools.gnu-tools-for-stm32.9-2020-q2-update.macos64_1.5.0.202011040924/tools/bin/../lib/gcc/arm-none-eabi/9.3.1/../../../../arm-none-eabi/lib/thumb/v7-m/nofp/libc_nano.a(lib_a-findfp.o)
                0x00000000080035f8                __sinit_lock_release
 .text.__sinit  0x0000000008003604       0x70 /Applications/STM32CubeIDE.app/Contents/Eclipse/plugins/com.st.stm32cube.ide.mcu.externaltools.gnu-tools-for-stm32.9-2020-q2-update.macos64_1.5.0.202011040924/tools/bin/../lib/gcc/arm-none-eabi/9.3.1/../../../../arm-none-eabi/lib/thumb/v7-m/nofp/libc_nano.a(lib_a-findfp.o)
                0x0000000008003604                __sinit
 .text.__sfp    0x0000000008003674       0x8c /Applications/STM32CubeIDE.app/Contents/Eclipse/plugins/com.st.stm32cube.ide.mcu.externaltools.gnu-tools-for-stm32.9-2020-q2-update.macos64_1.5.0.202011040924/tools/bin/../lib/gcc/arm-none-eabi/9.3.1/../../../../arm-none-eabi/lib/thumb/v7-m/nofp/libc_nano.a(lib_a-findfp.o)
                0x0000000008003674                __sfp
 .text._fwalk_reent
                0x0000000008003700       0x3e /Applications/STM32CubeIDE.app/Contents/Eclipse/plugins/com.st.stm32cube.ide.mcu.externaltools.gnu-tools-for-stm32.9-2020-q2-update.macos64_1.5.0.202011040924/tools/bin/../lib/gcc/arm-none-eabi/9.3.1/../../../../arm-none-eabi/lib/thumb/v7-m/nofp/libc_nano.a(lib_a-fwalk.o)
                0x0000000008003700                _fwalk_reent
 .text.__retarget_lock_init_recursive
                0x000000000800373e        0x2 /Applications/STM32CubeIDE.app/Contents/Eclipse/plugins/com.st.stm32cube.ide.mcu.externaltools.gnu-tools-for-stm32.9-2020-q2-update.macos64_1.5.0.202011040924/tools/bin/../lib/gcc/arm-none-eabi/9.3.1/../../../../arm-none-eabi/lib/thumb/v7-m/nofp/libc_nano.a(lib_a-lock.o)
                0x000000000800373e                __retarget_lock_init_recursive
 .text.__retarget_lock_acquire_recursive
                0x0000000008003740        0x2 /Applications/STM32CubeIDE.app/Contents/Eclipse/plugins/com.st.stm32cube.ide.mcu.externaltools.gnu-tools-for-stm32.9-2020-q2-update.macos64_1.5.0.202011040924/tools/bin/../lib/gcc/arm-none-eabi/9.3.1/../../../../arm-none-eabi/lib/thumb/v7-m/nofp/libc_nano.a(lib_a-lock.o)
                0x0000000008003740                __retarget_lock_acquire_recursive
 .text.__retarget_lock_release_recursive
                0x0000000008003742        0x2 /Applications/STM32CubeIDE.app/Contents/Eclipse/plugins/com.st.stm32cube.ide.mcu.externaltools.gnu-tools-for-stm32.9-2020-q2-update.macos64_1.5.0.202011040924/tools/bin/../lib/gcc/arm-none-eabi/9.3.1/../../../../arm-none-eabi/lib/thumb/v7-m/nofp/libc_nano.a(lib_a-lock.o)
                0x0000000008003742                __retarget_lock_release_recursive
 .text.__swhatbuf_r
                0x0000000008003744       0x48 /Applications/STM32CubeIDE.app/Contents/Eclipse/plugins/com.st.stm32cube.ide.mcu.externaltools.gnu-tools-for-stm32.9-2020-q2-update.macos64_1.5.0.202011040924/tools/bin/../lib/gcc/arm-none-eabi/9.3.1/../../../../arm-none-eabi/lib/thumb/v7-m/nofp/libc_nano.a(lib_a-makebuf.o)
                0x0000000008003744                __swhatbuf_r
 .text.__smakebuf_r
                0x000000000800378c       0x80 /Applications/STM32CubeIDE.app/Contents/Eclipse/plugins/com.st.stm32cube.ide.mcu.externaltools.gnu-tools-for-stm32.9-2020-q2-update.macos64_1.5.0.202011040924/tools/bin/../lib/gcc/arm-none-eabi/9.3.1/../../../../arm-none-eabi/lib/thumb/v7-m/nofp/libc_nano.a(lib_a-makebuf.o)
                0x000000000800378c                __smakebuf_r
 .text.__malloc_lock
                0x000000000800380c        0xc /Applications/STM32CubeIDE.app/Contents/Eclipse/plugins/com.st.stm32cube.ide.mcu.externaltools.gnu-tools-for-stm32.9-2020-q2-update.macos64_1.5.0.202011040924/tools/bin/../lib/gcc/arm-none-eabi/9.3.1/../../../../arm-none-eabi/lib/thumb/v7-m/nofp/libc_nano.a(lib_a-mlock.o)
                0x000000000800380c                __malloc_lock
 .text.__malloc_unlock
                0x0000000008003818        0xc /Applications/STM32CubeIDE.app/Contents/Eclipse/plugins/com.st.stm32cube.ide.mcu.externaltools.gnu-tools-for-stm32.9-2020-q2-update.macos64_1.5.0.202011040924/tools/bin/../lib/gcc/arm-none-eabi/9.3.1/../../../../arm-none-eabi/lib/thumb/v7-m/nofp/libc_nano.a(lib_a-mlock.o)
                0x0000000008003818                __malloc_unlock
 .text.__sread  0x0000000008003824       0x22 /Applications/STM32CubeIDE.app/Contents/Eclipse/plugins/com.st.stm32cube.ide.mcu.externaltools.gnu-tools-for-stm32.9-2020-q2-update.macos64_1.5.0.202011040924/tools/bin/../lib/gcc/arm-none-eabi/9.3.1/../../../../arm-none-eabi/lib/thumb/v7-m/nofp/libc_nano.a(lib_a-stdio.o)
                0x0000000008003824                __sread
 .text.__swrite
                0x0000000008003846       0x38 /Applications/STM32CubeIDE.app/Contents/Eclipse/plugins/com.st.stm32cube.ide.mcu.externaltools.gnu-tools-for-stm32.9-2020-q2-update.macos64_1.5.0.202011040924/tools/bin/../lib/gcc/arm-none-eabi/9.3.1/../../../../arm-none-eabi/lib/thumb/v7-m/nofp/libc_nano.a(lib_a-stdio.o)
                0x0000000008003846                __swrite
 .text.__sseek  0x000000000800387e       0x24 /Applications/STM32CubeIDE.app/Contents/Eclipse/plugins/com.st.stm32cube.ide.mcu.externaltools.gnu-tools-for-stm32.9-2020-q2-update.macos64_1.5.0.202011040924/tools/bin/../lib/gcc/arm-none-eabi/9.3.1/../../../../arm-none-eabi/lib/thumb/v7-m/nofp/libc_nano.a(lib_a-stdio.o)
                0x000000000800387e                __sseek
 .text.__sclose
                0x00000000080038a2        0x8 /Applications/STM32CubeIDE.app/Contents/Eclipse/plugins/com.st.stm32cube.ide.mcu.externaltools.gnu-tools-for-stm32.9-2020-q2-update.macos64_1.5.0.202011040924/tools/bin/../lib/gcc/arm-none-eabi/9.3.1/../../../../arm-none-eabi/lib/thumb/v7-m/nofp/libc_nano.a(lib_a-stdio.o)
                0x00000000080038a2                __sclose
 *fill*         0x00000000080038aa        0x2 
 .text._write_r
                0x00000000080038ac       0x24 /Applications/STM32CubeIDE.app/Contents/Eclipse/plugins/com.st.stm32cube.ide.mcu.externaltools.gnu-tools-for-stm32.9-2020-q2-update.macos64_1.5.0.202011040924/tools/bin/../lib/gcc/arm-none-eabi/9.3.1/../../../../arm-none-eabi/lib/thumb/v7-m/nofp/libc_nano.a(lib_a-writer.o)
                0x00000000080038ac                _write_r
 .text._close_r
                0x00000000080038d0       0x20 /Applications/STM32CubeIDE.app/Contents/Eclipse/plugins/com.st.stm32cube.ide.mcu.externaltools.gnu-tools-for-stm32.9-2020-q2-update.macos64_1.5.0.202011040924/tools/bin/../lib/gcc/arm-none-eabi/9.3.1/../../../../arm-none-eabi/lib/thumb/v7-m/nofp/libc_nano.a(lib_a-closer.o)
                0x00000000080038d0                _close_r
 .text._fstat_r
                0x00000000080038f0       0x24 /Applications/STM32CubeIDE.app/Contents/Eclipse/plugins/com.st.stm32cube.ide.mcu.externaltools.gnu-tools-for-stm32.9-2020-q2-update.macos64_1.5.0.202011040924/tools/bin/../lib/gcc/arm-none-eabi/9.3.1/../../../../arm-none-eabi/lib/thumb/v7-m/nofp/libc_nano.a(lib_a-fstatr.o)
                0x00000000080038f0                _fstat_r
 .text._isatty_r
                0x0000000008003914       0x20 /Applications/STM32CubeIDE.app/Contents/Eclipse/plugins/com.st.stm32cube.ide.mcu.externaltools.gnu-tools-for-stm32.9-2020-q2-update.macos64_1.5.0.202011040924/tools/bin/../lib/gcc/arm-none-eabi/9.3.1/../../../../arm-none-eabi/lib/thumb/v7-m/nofp/libc_nano.a(lib_a-isattyr.o)
                0x0000000008003914                _isatty_r
 .text._lseek_r
                0x0000000008003934       0x24 /Applications/STM32CubeIDE.app/Contents/Eclipse/plugins/com.st.stm32cube.ide.mcu.externaltools.gnu-tools-for-stm32.9-2020-q2-update.macos64_1.5.0.202011040924/tools/bin/../lib/gcc/arm-none-eabi/9.3.1/../../../../arm-none-eabi/lib/thumb/v7-m/nofp/libc_nano.a(lib_a-lseekr.o)
                0x0000000008003934                _lseek_r
 .text._read_r  0x0000000008003958       0x24 /Applications/STM32CubeIDE.app/Contents/Eclipse/plugins/com.st.stm32cube.ide.mcu.externaltools.gnu-tools-for-stm32.9-2020-q2-update.macos64_1.5.0.202011040924/tools/bin/../lib/gcc/arm-none-eabi/9.3.1/../../../../arm-none-eabi/lib/thumb/v7-m/nofp/libc_nano.a(lib_a-readr.o)
                0x0000000008003958                _read_r
 *(.glue_7)
 .glue_7        0x000000000800397c        0x0 linker stubs
 *(.glue_7t)
 .glue_7t       0x000000000800397c        0x0 linker stubs
 *(.eh_frame)
 .eh_frame      0x000000000800397c        0x0 /Applications/STM32CubeIDE.app/Contents/Eclipse/plugins/com.st.stm32cube.ide.mcu.externaltools.gnu-tools-for-stm32.9-2020-q2-update.macos64_1.5.0.202011040924/tools/bin/../lib/gcc/arm-none-eabi/9.3.1/thumb/v7-m/nofp/crtbegin.o
 *(.init)
 .init          0x000000000800397c        0x4 /Applications/STM32CubeIDE.app/Contents/Eclipse/plugins/com.st.stm32cube.ide.mcu.externaltools.gnu-tools-for-stm32.9-2020-q2-update.macos64_1.5.0.202011040924/tools/bin/../lib/gcc/arm-none-eabi/9.3.1/thumb/v7-m/nofp/crti.o
                0x000000000800397c                _init
 .init          0x0000000008003980        0x8 /Applications/STM32CubeIDE.app/Contents/Eclipse/plugins/com.st.stm32cube.ide.mcu.externaltools.gnu-tools-for-stm32.9-2020-q2-update.macos64_1.5.0.202011040924/tools/bin/../lib/gcc/arm-none-eabi/9.3.1/thumb/v7-m/nofp/crtn.o
 *(.fini)
 .fini          0x0000000008003988        0x4 /Applications/STM32CubeIDE.app/Contents/Eclipse/plugins/com.st.stm32cube.ide.mcu.externaltools.gnu-tools-for-stm32.9-2020-q2-update.macos64_1.5.0.202011040924/tools/bin/../lib/gcc/arm-none-eabi/9.3.1/thumb/v7-m/nofp/crti.o
                0x0000000008003988                _fini
 .fini          0x000000000800398c        0x8 /Applications/STM32CubeIDE.app/Contents/Eclipse/plugins/com.st.stm32cube.ide.mcu.externaltools.gnu-tools-for-stm32.9-2020-q2-update.macos64_1.5.0.202011040924/tools/bin/../lib/gcc/arm-none-eabi/9.3.1/thumb/v7-m/nofp/crtn.o
                0x0000000008003994                . = ALIGN (0x4)
                0x0000000008003994                _etext = .

.vfp11_veneer   0x0000000008003994        0x0
 .vfp11_veneer  0x0000000008003994        0x0 linker stubs

.v4_bx          0x0000000008003994        0x0
 .v4_bx         0x0000000008003994        0x0 linker stubs

.iplt           0x0000000008003994        0x0
 .iplt          0x0000000008003994        0x0 /Applications/STM32CubeIDE.app/Contents/Eclipse/plugins/com.st.stm32cube.ide.mcu.externaltools.gnu-tools-for-stm32.9-2020-q2-update.macos64_1.5.0.202011040924/tools/bin/../lib/gcc/arm-none-eabi/9.3.1/thumb/v7-m/nofp/crtbegin.o

.rodata         0x0000000008003994       0xa0
                0x0000000008003994                . = ALIGN (0x4)
 *(.rodata)
 .rodata        0x0000000008003994       0x24 Core/Src/main.o
 *(.rodata*)
 .rodata.AHBPrescTable
                0x00000000080039b8       0x10 Core/Src/system_stm32f2xx.o
                0x00000000080039b8                AHBPrescTable
 .rodata.APBPrescTable
                0x00000000080039c8        0x8 Core/Src/system_stm32f2xx.o
                0x00000000080039c8                APBPrescTable
 .rodata._global_impure_ptr
                0x00000000080039d0        0x4 /Applications/STM32CubeIDE.app/Contents/Eclipse/plugins/com.st.stm32cube.ide.mcu.externaltools.gnu-tools-for-stm32.9-2020-q2-update.macos64_1.5.0.202011040924/tools/bin/../lib/gcc/arm-none-eabi/9.3.1/../../../../arm-none-eabi/lib/thumb/v7-m/nofp/libc_nano.a(lib_a-impure.o)
                0x00000000080039d0                _global_impure_ptr
 .rodata.__sf_fake_stderr
                0x00000000080039d4       0x20 /Applications/STM32CubeIDE.app/Contents/Eclipse/plugins/com.st.stm32cube.ide.mcu.externaltools.gnu-tools-for-stm32.9-2020-q2-update.macos64_1.5.0.202011040924/tools/bin/../lib/gcc/arm-none-eabi/9.3.1/../../../../arm-none-eabi/lib/thumb/v7-m/nofp/libc_nano.a(lib_a-findfp.o)
                0x00000000080039d4                __sf_fake_stderr
 .rodata.__sf_fake_stdin
                0x00000000080039f4       0x20 /Applications/STM32CubeIDE.app/Contents/Eclipse/plugins/com.st.stm32cube.ide.mcu.externaltools.gnu-tools-for-stm32.9-2020-q2-update.macos64_1.5.0.202011040924/tools/bin/../lib/gcc/arm-none-eabi/9.3.1/../../../../arm-none-eabi/lib/thumb/v7-m/nofp/libc_nano.a(lib_a-findfp.o)
                0x00000000080039f4                __sf_fake_stdin
 .rodata.__sf_fake_stdout
                0x0000000008003a14       0x20 /Applications/STM32CubeIDE.app/Contents/Eclipse/plugins/com.st.stm32cube.ide.mcu.externaltools.gnu-tools-for-stm32.9-2020-q2-update.macos64_1.5.0.202011040924/tools/bin/../lib/gcc/arm-none-eabi/9.3.1/../../../../arm-none-eabi/lib/thumb/v7-m/nofp/libc_nano.a(lib_a-findfp.o)
                0x0000000008003a14                __sf_fake_stdout
                0x0000000008003a34                . = ALIGN (0x4)

.ARM.extab      0x0000000008003a34        0x0
                0x0000000008003a34                . = ALIGN (0x4)
 *(.ARM.extab* .gnu.linkonce.armextab.*)
                0x0000000008003a34                . = ALIGN (0x4)

.ARM            0x0000000008003a34        0x8
                0x0000000008003a34                . = ALIGN (0x4)
                0x0000000008003a34                __exidx_start = .
 *(.ARM.exidx*)
 .ARM.exidx     0x0000000008003a34        0x8 /Applications/STM32CubeIDE.app/Contents/Eclipse/plugins/com.st.stm32cube.ide.mcu.externaltools.gnu-tools-for-stm32.9-2020-q2-update.macos64_1.5.0.202011040924/tools/bin/../lib/gcc/arm-none-eabi/9.3.1/thumb/v7-m/nofp/libgcc.a(_udivmoddi4.o)
                0x0000000008003a3c                __exidx_end = .
                0x0000000008003a3c                . = ALIGN (0x4)

.rel.dyn        0x0000000008003a3c        0x0
 .rel.iplt      0x0000000008003a3c        0x0 /Applications/STM32CubeIDE.app/Contents/Eclipse/plugins/com.st.stm32cube.ide.mcu.externaltools.gnu-tools-for-stm32.9-2020-q2-update.macos64_1.5.0.202011040924/tools/bin/../lib/gcc/arm-none-eabi/9.3.1/thumb/v7-m/nofp/crtbegin.o

.preinit_array  0x0000000008003a3c        0x0
                0x0000000008003a3c                . = ALIGN (0x4)
                0x0000000008003a3c                PROVIDE (__preinit_array_start = .)
 *(.preinit_array*)
                0x0000000008003a3c                PROVIDE (__preinit_array_end = .)
                0x0000000008003a3c                . = ALIGN (0x4)

.init_array     0x0000000008003a3c        0x4
                0x0000000008003a3c                . = ALIGN (0x4)
                0x0000000008003a3c                PROVIDE (__init_array_start = .)
 *(SORT_BY_NAME(.init_array.*))
 *(.init_array*)
 .init_array    0x0000000008003a3c        0x4 /Applications/STM32CubeIDE.app/Contents/Eclipse/plugins/com.st.stm32cube.ide.mcu.externaltools.gnu-tools-for-stm32.9-2020-q2-update.macos64_1.5.0.202011040924/tools/bin/../lib/gcc/arm-none-eabi/9.3.1/thumb/v7-m/nofp/crtbegin.o
                0x0000000008003a40                PROVIDE (__init_array_end = .)
                0x0000000008003a40                . = ALIGN (0x4)

.fini_array     0x0000000008003a40        0x4
                0x0000000008003a40                . = ALIGN (0x4)
                [!provide]                        PROVIDE (__fini_array_start = .)
 *(SORT_BY_NAME(.fini_array.*))
 *(.fini_array*)
 .fini_array    0x0000000008003a40        0x4 /Applications/STM32CubeIDE.app/Contents/Eclipse/plugins/com.st.stm32cube.ide.mcu.externaltools.gnu-tools-for-stm32.9-2020-q2-update.macos64_1.5.0.202011040924/tools/bin/../lib/gcc/arm-none-eabi/9.3.1/thumb/v7-m/nofp/crtbegin.o
                [!provide]                        PROVIDE (__fini_array_end = .)
                0x0000000008003a44                . = ALIGN (0x4)
                0x0000000008003a44                _sidata = LOADADDR (.data)

.data           0x0000000020000000       0x70 load address 0x0000000008003a44
                0x0000000020000000                . = ALIGN (0x4)
                0x0000000020000000                _sdata = .
 *(.data)
 *(.data*)
 .data.SystemCoreClock
                0x0000000020000000        0x4 Core/Src/system_stm32f2xx.o
                0x0000000020000000                SystemCoreClock
 .data.uwTickPrio
                0x0000000020000004        0x4 Drivers/STM32F2xx_HAL_Driver/Src/stm32f2xx_hal.o
                0x0000000020000004                uwTickPrio
 .data.uwTickFreq
                0x0000000020000008        0x1 Drivers/STM32F2xx_HAL_Driver/Src/stm32f2xx_hal.o
                0x0000000020000008                uwTickFreq
 *fill*         0x0000000020000009        0x3 
 .data._impure_ptr
                0x000000002000000c        0x4 /Applications/STM32CubeIDE.app/Contents/Eclipse/plugins/com.st.stm32cube.ide.mcu.externaltools.gnu-tools-for-stm32.9-2020-q2-update.macos64_1.5.0.202011040924/tools/bin/../lib/gcc/arm-none-eabi/9.3.1/../../../../arm-none-eabi/lib/thumb/v7-m/nofp/libc_nano.a(lib_a-impure.o)
                0x000000002000000c                _impure_ptr
 .data.impure_data
                0x0000000020000010       0x60 /Applications/STM32CubeIDE.app/Contents/Eclipse/plugins/com.st.stm32cube.ide.mcu.externaltools.gnu-tools-for-stm32.9-2020-q2-update.macos64_1.5.0.202011040924/tools/bin/../lib/gcc/arm-none-eabi/9.3.1/../../../../arm-none-eabi/lib/thumb/v7-m/nofp/libc_nano.a(lib_a-impure.o)
 *(.RamFunc)
 *(.RamFunc*)
                0x0000000020000070                . = ALIGN (0x4)
                0x0000000020000070                _edata = .

.igot.plt       0x0000000020000070        0x0 load address 0x0000000008003ab4
 .igot.plt      0x0000000020000070        0x0 /Applications/STM32CubeIDE.app/Contents/Eclipse/plugins/com.st.stm32cube.ide.mcu.externaltools.gnu-tools-for-stm32.9-2020-q2-update.macos64_1.5.0.202011040924/tools/bin/../lib/gcc/arm-none-eabi/9.3.1/thumb/v7-m/nofp/crtbegin.o
                0x0000000020000070                . = ALIGN (0x4)

.bss            0x0000000020000070       0xf8 load address 0x0000000008003ab4
                0x0000000020000070                _sbss = .
                0x0000000020000070                __bss_start__ = _sbss
 *(.bss)
 .bss           0x0000000020000070       0x1c /Applications/STM32CubeIDE.app/Contents/Eclipse/plugins/com.st.stm32cube.ide.mcu.externaltools.gnu-tools-for-stm32.9-2020-q2-update.macos64_1.5.0.202011040924/tools/bin/../lib/gcc/arm-none-eabi/9.3.1/thumb/v7-m/nofp/crtbegin.o
 *(.bss*)
 .bss.HAL_RCC_CAN1_CLK_ENABLED
                0x000000002000008c        0x4 Core/Src/can.o
 .bss.__sbrk_heap_end
                0x0000000020000090        0x4 Core/Src/sysmem.o
 .bss.__malloc_free_list
                0x0000000020000094        0x4 /Applications/STM32CubeIDE.app/Contents/Eclipse/plugins/com.st.stm32cube.ide.mcu.externaltools.gnu-tools-for-stm32.9-2020-q2-update.macos64_1.5.0.202011040924/tools/bin/../lib/gcc/arm-none-eabi/9.3.1/../../../../arm-none-eabi/lib/thumb/v7-m/nofp/libc_nano.a(lib_a-nano-mallocr.o)
                0x0000000020000094                __malloc_free_list
 .bss.__malloc_sbrk_start
                0x0000000020000098        0x4 /Applications/STM32CubeIDE.app/Contents/Eclipse/plugins/com.st.stm32cube.ide.mcu.externaltools.gnu-tools-for-stm32.9-2020-q2-update.macos64_1.5.0.202011040924/tools/bin/../lib/gcc/arm-none-eabi/9.3.1/../../../../arm-none-eabi/lib/thumb/v7-m/nofp/libc_nano.a(lib_a-nano-mallocr.o)
                0x0000000020000098                __malloc_sbrk_start
 *(COMMON)
 COMMON         0x000000002000009c       0x28 Core/Common/Src/AMS_CAN_Messages.o
                0x000000002000009c                c2Passthrough
                0x00000000200000ac                can2Mb
                0x00000000200000b0                c1Passthrough
                0x00000000200000c0                can1Mb
 COMMON         0x00000000200000c4       0x50 Core/Src/can.o
                0x00000000200000c4                hcan2
                0x00000000200000ec                hcan1
 COMMON         0x0000000020000114       0x40 Core/Src/usart.o
                0x0000000020000114                huart3
 COMMON         0x0000000020000154        0x4 Drivers/STM32F2xx_HAL_Driver/Src/stm32f2xx_hal.o
                0x0000000020000154                uwTick
 COMMON         0x0000000020000158        0x9 /Applications/STM32CubeIDE.app/Contents/Eclipse/plugins/com.st.stm32cube.ide.mcu.externaltools.gnu-tools-for-stm32.9-2020-q2-update.macos64_1.5.0.202011040924/tools/bin/../lib/gcc/arm-none-eabi/9.3.1/../../../../arm-none-eabi/lib/thumb/v7-m/nofp/libc_nano.a(lib_a-lock.o)
                0x0000000020000158                __lock___atexit_recursive_mutex
                0x0000000020000159                __lock___arc4random_mutex
                0x000000002000015a                __lock___env_recursive_mutex
                0x000000002000015b                __lock___sinit_recursive_mutex
                0x000000002000015c                __lock___malloc_recursive_mutex
                0x000000002000015d                __lock___at_quick_exit_mutex
                0x000000002000015e                __lock___dd_hash_mutex
                0x000000002000015f                __lock___tz_mutex
                0x0000000020000160                __lock___sfp_recursive_mutex
 *fill*         0x0000000020000161        0x3 
 COMMON         0x0000000020000164        0x4 /Applications/STM32CubeIDE.app/Contents/Eclipse/plugins/com.st.stm32cube.ide.mcu.externaltools.gnu-tools-for-stm32.9-2020-q2-update.macos64_1.5.0.202011040924/tools/bin/../lib/gcc/arm-none-eabi/9.3.1/../../../../arm-none-eabi/lib/thumb/v7-m/nofp/libc_nano.a(lib_a-reent.o)
                0x0000000020000164                errno
                0x0000000020000168                . = ALIGN (0x4)
                0x0000000020000168                _ebss = .
                0x0000000020000168                __bss_end__ = _ebss

._user_heap_stack
                0x0000000020000168      0x600 load address 0x0000000008003ab4
                0x0000000020000168                . = ALIGN (0x8)
                [!provide]                        PROVIDE (end = .)
                0x0000000020000168                PROVIDE (_end = .)
                0x0000000020000368                . = (. + _Min_Heap_Size)
 *fill*         0x0000000020000168      0x200 
                0x0000000020000768                . = (. + _Min_Stack_Size)
 *fill*         0x0000000020000368      0x400 
                0x0000000020000768                . = ALIGN (0x8)

/DISCARD/
 libc.a(*)
 libm.a(*)
 libgcc.a(*)

.ARM.attributes
                0x0000000000000000       0x29
 *(.ARM.attributes)
 .ARM.attributes
                0x0000000000000000       0x1d /Applications/STM32CubeIDE.app/Contents/Eclipse/plugins/com.st.stm32cube.ide.mcu.externaltools.gnu-tools-for-stm32.9-2020-q2-update.macos64_1.5.0.202011040924/tools/bin/../lib/gcc/arm-none-eabi/9.3.1/thumb/v7-m/nofp/crti.o
 .ARM.attributes
                0x000000000000001d       0x2d /Applications/STM32CubeIDE.app/Contents/Eclipse/plugins/com.st.stm32cube.ide.mcu.externaltools.gnu-tools-for-stm32.9-2020-q2-update.macos64_1.5.0.202011040924/tools/bin/../lib/gcc/arm-none-eabi/9.3.1/thumb/v7-m/nofp/crtbegin.o
 .ARM.attributes
                0x000000000000004a       0x2d Core/Common/Src/AMS_CAN_Messages.o
 .ARM.attributes
                0x0000000000000077       0x2d Core/Common/Src/queue.o
 .ARM.attributes
                0x00000000000000a4       0x2d Core/Src/can.o
 .ARM.attributes
                0x00000000000000d1       0x2d Core/Src/gpio.o
 .ARM.attributes
                0x00000000000000fe       0x2d Core/Src/main.o
 .ARM.attributes
                0x000000000000012b       0x2d Core/Src/stm32f2xx_hal_msp.o
 .ARM.attributes
                0x0000000000000158       0x2d Core/Src/stm32f2xx_it.o
 .ARM.attributes
                0x0000000000000185       0x2d Core/Src/syscalls.o
 .ARM.attributes
                0x00000000000001b2       0x2d Core/Src/sysmem.o
 .ARM.attributes
                0x00000000000001df       0x2d Core/Src/system_stm32f2xx.o
 .ARM.attributes
                0x000000000000020c       0x2d Core/Src/usart.o
 .ARM.attributes
                0x0000000000000239       0x21 Core/Startup/startup_stm32f207vgtx.o
 .ARM.attributes
                0x000000000000025a       0x2d Drivers/STM32F2xx_HAL_Driver/Src/stm32f2xx_hal.o
 .ARM.attributes
                0x0000000000000287       0x2d Drivers/STM32F2xx_HAL_Driver/Src/stm32f2xx_hal_can.o
 .ARM.attributes
                0x00000000000002b4       0x2d Drivers/STM32F2xx_HAL_Driver/Src/stm32f2xx_hal_cortex.o
 .ARM.attributes
                0x00000000000002e1       0x2d Drivers/STM32F2xx_HAL_Driver/Src/stm32f2xx_hal_gpio.o
 .ARM.attributes
                0x000000000000030e       0x2d Drivers/STM32F2xx_HAL_Driver/Src/stm32f2xx_hal_rcc.o
 .ARM.attributes
                0x000000000000033b       0x2d Drivers/STM32F2xx_HAL_Driver/Src/stm32f2xx_hal_uart.o
 .ARM.attributes
                0x0000000000000368       0x2d /Applications/STM32CubeIDE.app/Contents/Eclipse/plugins/com.st.stm32cube.ide.mcu.externaltools.gnu-tools-for-stm32.9-2020-q2-update.macos64_1.5.0.202011040924/tools/bin/../lib/gcc/arm-none-eabi/9.3.1/../../../../arm-none-eabi/lib/thumb/v7-m/nofp/libc_nano.a(lib_a-calloc.o)
 .ARM.attributes
                0x0000000000000395       0x2d /Applications/STM32CubeIDE.app/Contents/Eclipse/plugins/com.st.stm32cube.ide.mcu.externaltools.gnu-tools-for-stm32.9-2020-q2-update.macos64_1.5.0.202011040924/tools/bin/../lib/gcc/arm-none-eabi/9.3.1/../../../../arm-none-eabi/lib/thumb/v7-m/nofp/libc_nano.a(lib_a-errno.o)
 .ARM.attributes
                0x00000000000003c2       0x2d /Applications/STM32CubeIDE.app/Contents/Eclipse/plugins/com.st.stm32cube.ide.mcu.externaltools.gnu-tools-for-stm32.9-2020-q2-update.macos64_1.5.0.202011040924/tools/bin/../lib/gcc/arm-none-eabi/9.3.1/../../../../arm-none-eabi/lib/thumb/v7-m/nofp/libc_nano.a(lib_a-impure.o)
 .ARM.attributes
                0x00000000000003ef       0x2d /Applications/STM32CubeIDE.app/Contents/Eclipse/plugins/com.st.stm32cube.ide.mcu.externaltools.gnu-tools-for-stm32.9-2020-q2-update.macos64_1.5.0.202011040924/tools/bin/../lib/gcc/arm-none-eabi/9.3.1/../../../../arm-none-eabi/lib/thumb/v7-m/nofp/libc_nano.a(lib_a-init.o)
 .ARM.attributes
                0x000000000000041c       0x2d /Applications/STM32CubeIDE.app/Contents/Eclipse/plugins/com.st.stm32cube.ide.mcu.externaltools.gnu-tools-for-stm32.9-2020-q2-update.macos64_1.5.0.202011040924/tools/bin/../lib/gcc/arm-none-eabi/9.3.1/../../../../arm-none-eabi/lib/thumb/v7-m/nofp/libc_nano.a(lib_a-memcpy-stub.o)
 .ARM.attributes
                0x0000000000000449       0x2d /Applications/STM32CubeIDE.app/Contents/Eclipse/plugins/com.st.stm32cube.ide.mcu.externaltools.gnu-tools-for-stm32.9-2020-q2-update.macos64_1.5.0.202011040924/tools/bin/../lib/gcc/arm-none-eabi/9.3.1/../../../../arm-none-eabi/lib/thumb/v7-m/nofp/libc_nano.a(lib_a-memset.o)
 .ARM.attributes
                0x0000000000000476       0x2d /Applications/STM32CubeIDE.app/Contents/Eclipse/plugins/com.st.stm32cube.ide.mcu.externaltools.gnu-tools-for-stm32.9-2020-q2-update.macos64_1.5.0.202011040924/tools/bin/../lib/gcc/arm-none-eabi/9.3.1/../../../../arm-none-eabi/lib/thumb/v7-m/nofp/libc_nano.a(lib_a-nano-callocr.o)
 .ARM.attributes
                0x00000000000004a3       0x2d /Applications/STM32CubeIDE.app/Contents/Eclipse/plugins/com.st.stm32cube.ide.mcu.externaltools.gnu-tools-for-stm32.9-2020-q2-update.macos64_1.5.0.202011040924/tools/bin/../lib/gcc/arm-none-eabi/9.3.1/../../../../arm-none-eabi/lib/thumb/v7-m/nofp/libc_nano.a(lib_a-nano-freer.o)
 .ARM.attributes
                0x00000000000004d0       0x2d /Applications/STM32CubeIDE.app/Contents/Eclipse/plugins/com.st.stm32cube.ide.mcu.externaltools.gnu-tools-for-stm32.9-2020-q2-update.macos64_1.5.0.202011040924/tools/bin/../lib/gcc/arm-none-eabi/9.3.1/../../../../arm-none-eabi/lib/thumb/v7-m/nofp/libc_nano.a(lib_a-nano-mallocr.o)
 .ARM.attributes
                0x00000000000004fd       0x2d /Applications/STM32CubeIDE.app/Contents/Eclipse/plugins/com.st.stm32cube.ide.mcu.externaltools.gnu-tools-for-stm32.9-2020-q2-update.macos64_1.5.0.202011040924/tools/bin/../lib/gcc/arm-none-eabi/9.3.1/../../../../arm-none-eabi/lib/thumb/v7-m/nofp/libc_nano.a(lib_a-puts.o)
 .ARM.attributes
                0x000000000000052a       0x2d /Applications/STM32CubeIDE.app/Contents/Eclipse/plugins/com.st.stm32cube.ide.mcu.externaltools.gnu-tools-for-stm32.9-2020-q2-update.macos64_1.5.0.202011040924/tools/bin/../lib/gcc/arm-none-eabi/9.3.1/../../../../arm-none-eabi/lib/thumb/v7-m/nofp/libc_nano.a(lib_a-sbrkr.o)
 .ARM.attributes
                0x0000000000000557       0x2d /Applications/STM32CubeIDE.app/Contents/Eclipse/plugins/com.st.stm32cube.ide.mcu.externaltools.gnu-tools-for-stm32.9-2020-q2-update.macos64_1.5.0.202011040924/tools/bin/../lib/gcc/arm-none-eabi/9.3.1/../../../../arm-none-eabi/lib/thumb/v7-m/nofp/libc_nano.a(lib_a-wbuf.o)
 .ARM.attributes
                0x0000000000000584       0x2d /Applications/STM32CubeIDE.app/Contents/Eclipse/plugins/com.st.stm32cube.ide.mcu.externaltools.gnu-tools-for-stm32.9-2020-q2-update.macos64_1.5.0.202011040924/tools/bin/../lib/gcc/arm-none-eabi/9.3.1/../../../../arm-none-eabi/lib/thumb/v7-m/nofp/libc_nano.a(lib_a-wsetup.o)
 .ARM.attributes
                0x00000000000005b1       0x2d /Applications/STM32CubeIDE.app/Contents/Eclipse/plugins/com.st.stm32cube.ide.mcu.externaltools.gnu-tools-for-stm32.9-2020-q2-update.macos64_1.5.0.202011040924/tools/bin/../lib/gcc/arm-none-eabi/9.3.1/../../../../arm-none-eabi/lib/thumb/v7-m/nofp/libc_nano.a(lib_a-fflush.o)
 .ARM.attributes
                0x00000000000005de       0x2d /Applications/STM32CubeIDE.app/Contents/Eclipse/plugins/com.st.stm32cube.ide.mcu.externaltools.gnu-tools-for-stm32.9-2020-q2-update.macos64_1.5.0.202011040924/tools/bin/../lib/gcc/arm-none-eabi/9.3.1/../../../../arm-none-eabi/lib/thumb/v7-m/nofp/libc_nano.a(lib_a-findfp.o)
 .ARM.attributes
                0x000000000000060b       0x2d /Applications/STM32CubeIDE.app/Contents/Eclipse/plugins/com.st.stm32cube.ide.mcu.externaltools.gnu-tools-for-stm32.9-2020-q2-update.macos64_1.5.0.202011040924/tools/bin/../lib/gcc/arm-none-eabi/9.3.1/../../../../arm-none-eabi/lib/thumb/v7-m/nofp/libc_nano.a(lib_a-fwalk.o)
 .ARM.attributes
                0x0000000000000638       0x2d /Applications/STM32CubeIDE.app/Contents/Eclipse/plugins/com.st.stm32cube.ide.mcu.externaltools.gnu-tools-for-stm32.9-2020-q2-update.macos64_1.5.0.202011040924/tools/bin/../lib/gcc/arm-none-eabi/9.3.1/../../../../arm-none-eabi/lib/thumb/v7-m/nofp/libc_nano.a(lib_a-lock.o)
 .ARM.attributes
                0x0000000000000665       0x2d /Applications/STM32CubeIDE.app/Contents/Eclipse/plugins/com.st.stm32cube.ide.mcu.externaltools.gnu-tools-for-stm32.9-2020-q2-update.macos64_1.5.0.202011040924/tools/bin/../lib/gcc/arm-none-eabi/9.3.1/../../../../arm-none-eabi/lib/thumb/v7-m/nofp/libc_nano.a(lib_a-makebuf.o)
 .ARM.attributes
                0x0000000000000692       0x2d /Applications/STM32CubeIDE.app/Contents/Eclipse/plugins/com.st.stm32cube.ide.mcu.externaltools.gnu-tools-for-stm32.9-2020-q2-update.macos64_1.5.0.202011040924/tools/bin/../lib/gcc/arm-none-eabi/9.3.1/../../../../arm-none-eabi/lib/thumb/v7-m/nofp/libc_nano.a(lib_a-mlock.o)
 .ARM.attributes
                0x00000000000006bf       0x2d /Applications/STM32CubeIDE.app/Contents/Eclipse/plugins/com.st.stm32cube.ide.mcu.externaltools.gnu-tools-for-stm32.9-2020-q2-update.macos64_1.5.0.202011040924/tools/bin/../lib/gcc/arm-none-eabi/9.3.1/../../../../arm-none-eabi/lib/thumb/v7-m/nofp/libc_nano.a(lib_a-reent.o)
 .ARM.attributes
                0x00000000000006ec       0x2d /Applications/STM32CubeIDE.app/Contents/Eclipse/plugins/com.st.stm32cube.ide.mcu.externaltools.gnu-tools-for-stm32.9-2020-q2-update.macos64_1.5.0.202011040924/tools/bin/../lib/gcc/arm-none-eabi/9.3.1/../../../../arm-none-eabi/lib/thumb/v7-m/nofp/libc_nano.a(lib_a-stdio.o)
 .ARM.attributes
                0x0000000000000719       0x2d /Applications/STM32CubeIDE.app/Contents/Eclipse/plugins/com.st.stm32cube.ide.mcu.externaltools.gnu-tools-for-stm32.9-2020-q2-update.macos64_1.5.0.202011040924/tools/bin/../lib/gcc/arm-none-eabi/9.3.1/../../../../arm-none-eabi/lib/thumb/v7-m/nofp/libc_nano.a(lib_a-writer.o)
 .ARM.attributes
                0x0000000000000746       0x2d /Applications/STM32CubeIDE.app/Contents/Eclipse/plugins/com.st.stm32cube.ide.mcu.externaltools.gnu-tools-for-stm32.9-2020-q2-update.macos64_1.5.0.202011040924/tools/bin/../lib/gcc/arm-none-eabi/9.3.1/../../../../arm-none-eabi/lib/thumb/v7-m/nofp/libc_nano.a(lib_a-closer.o)
 .ARM.attributes
                0x0000000000000773       0x2d /Applications/STM32CubeIDE.app/Contents/Eclipse/plugins/com.st.stm32cube.ide.mcu.externaltools.gnu-tools-for-stm32.9-2020-q2-update.macos64_1.5.0.202011040924/tools/bin/../lib/gcc/arm-none-eabi/9.3.1/../../../../arm-none-eabi/lib/thumb/v7-m/nofp/libc_nano.a(lib_a-fstatr.o)
 .ARM.attributes
                0x00000000000007a0       0x2d /Applications/STM32CubeIDE.app/Contents/Eclipse/plugins/com.st.stm32cube.ide.mcu.externaltools.gnu-tools-for-stm32.9-2020-q2-update.macos64_1.5.0.202011040924/tools/bin/../lib/gcc/arm-none-eabi/9.3.1/../../../../arm-none-eabi/lib/thumb/v7-m/nofp/libc_nano.a(lib_a-isattyr.o)
 .ARM.attributes
                0x00000000000007cd       0x2d /Applications/STM32CubeIDE.app/Contents/Eclipse/plugins/com.st.stm32cube.ide.mcu.externaltools.gnu-tools-for-stm32.9-2020-q2-update.macos64_1.5.0.202011040924/tools/bin/../lib/gcc/arm-none-eabi/9.3.1/../../../../arm-none-eabi/lib/thumb/v7-m/nofp/libc_nano.a(lib_a-lseekr.o)
 .ARM.attributes
                0x00000000000007fa       0x2d /Applications/STM32CubeIDE.app/Contents/Eclipse/plugins/com.st.stm32cube.ide.mcu.externaltools.gnu-tools-for-stm32.9-2020-q2-update.macos64_1.5.0.202011040924/tools/bin/../lib/gcc/arm-none-eabi/9.3.1/../../../../arm-none-eabi/lib/thumb/v7-m/nofp/libc_nano.a(lib_a-readr.o)
 .ARM.attributes
                0x0000000000000827       0x1d /Applications/STM32CubeIDE.app/Contents/Eclipse/plugins/com.st.stm32cube.ide.mcu.externaltools.gnu-tools-for-stm32.9-2020-q2-update.macos64_1.5.0.202011040924/tools/bin/../lib/gcc/arm-none-eabi/9.3.1/thumb/v7-m/nofp/libgcc.a(_aeabi_uldivmod.o)
 .ARM.attributes
                0x0000000000000844       0x2d /Applications/STM32CubeIDE.app/Contents/Eclipse/plugins/com.st.stm32cube.ide.mcu.externaltools.gnu-tools-for-stm32.9-2020-q2-update.macos64_1.5.0.202011040924/tools/bin/../lib/gcc/arm-none-eabi/9.3.1/thumb/v7-m/nofp/libgcc.a(_udivmoddi4.o)
 .ARM.attributes
                0x0000000000000871       0x1d /Applications/STM32CubeIDE.app/Contents/Eclipse/plugins/com.st.stm32cube.ide.mcu.externaltools.gnu-tools-for-stm32.9-2020-q2-update.macos64_1.5.0.202011040924/tools/bin/../lib/gcc/arm-none-eabi/9.3.1/thumb/v7-m/nofp/libgcc.a(_dvmd_tls.o)
 .ARM.attributes
                0x000000000000088e       0x1d /Applications/STM32CubeIDE.app/Contents/Eclipse/plugins/com.st.stm32cube.ide.mcu.externaltools.gnu-tools-for-stm32.9-2020-q2-update.macos64_1.5.0.202011040924/tools/bin/../lib/gcc/arm-none-eabi/9.3.1/thumb/v7-m/nofp/crtn.o
OUTPUT(QUTMS_MCISO.elf elf32-littlearm)
LOAD linker stubs
LOAD /Applications/STM32CubeIDE.app/Contents/Eclipse/plugins/com.st.stm32cube.ide.mcu.externaltools.gnu-tools-for-stm32.9-2020-q2-update.macos64_1.5.0.202011040924/tools/bin/../lib/gcc/arm-none-eabi/9.3.1/../../../../arm-none-eabi/lib/thumb/v7-m/nofp/libc.a
LOAD /Applications/STM32CubeIDE.app/Contents/Eclipse/plugins/com.st.stm32cube.ide.mcu.externaltools.gnu-tools-for-stm32.9-2020-q2-update.macos64_1.5.0.202011040924/tools/bin/../lib/gcc/arm-none-eabi/9.3.1/../../../../arm-none-eabi/lib/thumb/v7-m/nofp/libm.a
LOAD /Applications/STM32CubeIDE.app/Contents/Eclipse/plugins/com.st.stm32cube.ide.mcu.externaltools.gnu-tools-for-stm32.9-2020-q2-update.macos64_1.5.0.202011040924/tools/bin/../lib/gcc/arm-none-eabi/9.3.1/thumb/v7-m/nofp/libgcc.a

.debug_info     0x0000000000000000    0x10678
 .debug_info    0x0000000000000000     0x1668 Core/Common/Src/AMS_CAN_Messages.o
 .debug_info    0x0000000000001668      0xb55 Core/Common/Src/queue.o
 .debug_info    0x00000000000021bd     0x154d Core/Src/can.o
 .debug_info    0x000000000000370a     0x10d3 Core/Src/gpio.o
 .debug_info    0x00000000000047dd     0x18b8 Core/Src/main.o
 .debug_info    0x0000000000006095     0x10f0 Core/Src/stm32f2xx_hal_msp.o
 .debug_info    0x0000000000007185      0xfc6 Core/Src/stm32f2xx_it.o
 .debug_info    0x000000000000814b      0xfa8 Core/Src/syscalls.o
 .debug_info    0x00000000000090f3      0xa25 Core/Src/sysmem.o
 .debug_info    0x0000000000009b18      0x3e9 Core/Src/system_stm32f2xx.o
 .debug_info    0x0000000000009f01     0x1740 Core/Src/usart.o
 .debug_info    0x000000000000b641       0x22 Core/Startup/startup_stm32f207vgtx.o
 .debug_info    0x000000000000b663      0xa1b Drivers/STM32F2xx_HAL_Driver/Src/stm32f2xx_hal.o
 .debug_info    0x000000000000c07e     0x1089 Drivers/STM32F2xx_HAL_Driver/Src/stm32f2xx_hal_can.o
 .debug_info    0x000000000000d107      0xed7 Drivers/STM32F2xx_HAL_Driver/Src/stm32f2xx_hal_cortex.o
 .debug_info    0x000000000000dfde      0x804 Drivers/STM32F2xx_HAL_Driver/Src/stm32f2xx_hal_gpio.o
 .debug_info    0x000000000000e7e2      0xb27 Drivers/STM32F2xx_HAL_Driver/Src/stm32f2xx_hal_rcc.o
 .debug_info    0x000000000000f309     0x136f Drivers/STM32F2xx_HAL_Driver/Src/stm32f2xx_hal_uart.o

.debug_abbrev   0x0000000000000000     0x2703
 .debug_abbrev  0x0000000000000000      0x275 Core/Common/Src/AMS_CAN_Messages.o
 .debug_abbrev  0x0000000000000275      0x1e3 Core/Common/Src/queue.o
 .debug_abbrev  0x0000000000000458      0x274 Core/Src/can.o
 .debug_abbrev  0x00000000000006cc      0x224 Core/Src/gpio.o
 .debug_abbrev  0x00000000000008f0      0x2fe Core/Src/main.o
 .debug_abbrev  0x0000000000000bee      0x22f Core/Src/stm32f2xx_hal_msp.o
 .debug_abbrev  0x0000000000000e1d      0x215 Core/Src/stm32f2xx_it.o
 .debug_abbrev  0x0000000000001032      0x286 Core/Src/syscalls.o
 .debug_abbrev  0x00000000000012b8      0x1bf Core/Src/sysmem.o
 .debug_abbrev  0x0000000000001477      0x145 Core/Src/system_stm32f2xx.o
 .debug_abbrev  0x00000000000015bc      0x26b Core/Src/usart.o
 .debug_abbrev  0x0000000000001827       0x12 Core/Startup/startup_stm32f207vgtx.o
 .debug_abbrev  0x0000000000001839      0x25d Drivers/STM32F2xx_HAL_Driver/Src/stm32f2xx_hal.o
 .debug_abbrev  0x0000000000001a96      0x246 Drivers/STM32F2xx_HAL_Driver/Src/stm32f2xx_hal_can.o
 .debug_abbrev  0x0000000000001cdc      0x33c Drivers/STM32F2xx_HAL_Driver/Src/stm32f2xx_hal_cortex.o
 .debug_abbrev  0x0000000000002018      0x1e8 Drivers/STM32F2xx_HAL_Driver/Src/stm32f2xx_hal_gpio.o
 .debug_abbrev  0x0000000000002200      0x293 Drivers/STM32F2xx_HAL_Driver/Src/stm32f2xx_hal_rcc.o
 .debug_abbrev  0x0000000000002493      0x270 Drivers/STM32F2xx_HAL_Driver/Src/stm32f2xx_hal_uart.o

.debug_aranges  0x0000000000000000      0x978
 .debug_aranges
                0x0000000000000000       0xb0 Core/Common/Src/AMS_CAN_Messages.o
 .debug_aranges
                0x00000000000000b0       0x58 Core/Common/Src/queue.o
 .debug_aranges
                0x0000000000000108       0x38 Core/Src/can.o
 .debug_aranges
                0x0000000000000140       0x20 Core/Src/gpio.o
 .debug_aranges
                0x0000000000000160       0x40 Core/Src/main.o
 .debug_aranges
                0x00000000000001a0       0x20 Core/Src/stm32f2xx_hal_msp.o
 .debug_aranges
                0x00000000000001c0       0x80 Core/Src/stm32f2xx_it.o
 .debug_aranges
                0x0000000000000240       0xa8 Core/Src/syscalls.o
 .debug_aranges
                0x00000000000002e8       0x20 Core/Src/sysmem.o
 .debug_aranges
                0x0000000000000308       0x28 Core/Src/system_stm32f2xx.o
 .debug_aranges
                0x0000000000000330       0x30 Core/Src/usart.o
 .debug_aranges
                0x0000000000000360       0x28 Core/Startup/startup_stm32f207vgtx.o
 .debug_aranges
                0x0000000000000388       0xf0 Drivers/STM32F2xx_HAL_Driver/Src/stm32f2xx_hal.o
 .debug_aranges
                0x0000000000000478      0x138 Drivers/STM32F2xx_HAL_Driver/Src/stm32f2xx_hal_can.o
 .debug_aranges
                0x00000000000005b0      0x118 Drivers/STM32F2xx_HAL_Driver/Src/stm32f2xx_hal_cortex.o
 .debug_aranges
                0x00000000000006c8       0x58 Drivers/STM32F2xx_HAL_Driver/Src/stm32f2xx_hal_gpio.o
 .debug_aranges
                0x0000000000000720       0x88 Drivers/STM32F2xx_HAL_Driver/Src/stm32f2xx_hal_rcc.o
 .debug_aranges
                0x00000000000007a8      0x1d0 Drivers/STM32F2xx_HAL_Driver/Src/stm32f2xx_hal_uart.o

.debug_ranges   0x0000000000000000      0x860
 .debug_ranges  0x0000000000000000       0xa0 Core/Common/Src/AMS_CAN_Messages.o
 .debug_ranges  0x00000000000000a0       0x48 Core/Common/Src/queue.o
 .debug_ranges  0x00000000000000e8       0x28 Core/Src/can.o
 .debug_ranges  0x0000000000000110       0x10 Core/Src/gpio.o
 .debug_ranges  0x0000000000000120       0x30 Core/Src/main.o
 .debug_ranges  0x0000000000000150       0x10 Core/Src/stm32f2xx_hal_msp.o
 .debug_ranges  0x0000000000000160       0x70 Core/Src/stm32f2xx_it.o
 .debug_ranges  0x00000000000001d0       0x98 Core/Src/syscalls.o
 .debug_ranges  0x0000000000000268       0x10 Core/Src/sysmem.o
 .debug_ranges  0x0000000000000278       0x18 Core/Src/system_stm32f2xx.o
 .debug_ranges  0x0000000000000290       0x20 Core/Src/usart.o
 .debug_ranges  0x00000000000002b0       0x20 Core/Startup/startup_stm32f207vgtx.o
 .debug_ranges  0x00000000000002d0       0xe0 Drivers/STM32F2xx_HAL_Driver/Src/stm32f2xx_hal.o
 .debug_ranges  0x00000000000003b0      0x128 Drivers/STM32F2xx_HAL_Driver/Src/stm32f2xx_hal_can.o
 .debug_ranges  0x00000000000004d8      0x108 Drivers/STM32F2xx_HAL_Driver/Src/stm32f2xx_hal_cortex.o
 .debug_ranges  0x00000000000005e0       0x48 Drivers/STM32F2xx_HAL_Driver/Src/stm32f2xx_hal_gpio.o
 .debug_ranges  0x0000000000000628       0x78 Drivers/STM32F2xx_HAL_Driver/Src/stm32f2xx_hal_rcc.o
 .debug_ranges  0x00000000000006a0      0x1c0 Drivers/STM32F2xx_HAL_Driver/Src/stm32f2xx_hal_uart.o

.debug_macro    0x0000000000000000    0x2180d
 .debug_macro   0x0000000000000000      0x2d6 Core/Common/Src/AMS_CAN_Messages.o
 .debug_macro   0x00000000000002d6      0xaa2 Core/Common/Src/AMS_CAN_Messages.o
 .debug_macro   0x0000000000000d78       0x22 Core/Common/Src/AMS_CAN_Messages.o
 .debug_macro   0x0000000000000d9a      0x23e Core/Common/Src/AMS_CAN_Messages.o
 .debug_macro   0x0000000000000fd8       0x2e Core/Common/Src/AMS_CAN_Messages.o
 .debug_macro   0x0000000000001006       0x22 Core/Common/Src/AMS_CAN_Messages.o
 .debug_macro   0x0000000000001028       0x22 Core/Common/Src/AMS_CAN_Messages.o
 .debug_macro   0x000000000000104a       0x8e Core/Common/Src/AMS_CAN_Messages.o
 .debug_macro   0x00000000000010d8       0x51 Core/Common/Src/AMS_CAN_Messages.o
 .debug_macro   0x0000000000001129      0x103 Core/Common/Src/AMS_CAN_Messages.o
 .debug_macro   0x000000000000122c       0x6a Core/Common/Src/AMS_CAN_Messages.o
 .debug_macro   0x0000000000001296      0x1df Core/Common/Src/AMS_CAN_Messages.o
 .debug_macro   0x0000000000001475       0x1c Core/Common/Src/AMS_CAN_Messages.o
 .debug_macro   0x0000000000001491       0x22 Core/Common/Src/AMS_CAN_Messages.o
 .debug_macro   0x00000000000014b3       0xc3 Core/Common/Src/AMS_CAN_Messages.o
 .debug_macro   0x0000000000001576      0xe49 Core/Common/Src/AMS_CAN_Messages.o
 .debug_macro   0x00000000000023bf      0x11f Core/Common/Src/AMS_CAN_Messages.o
 .debug_macro   0x00000000000024de    0x14fda Core/Common/Src/AMS_CAN_Messages.o
 .debug_macro   0x00000000000174b8       0x43 Core/Common/Src/AMS_CAN_Messages.o
 .debug_macro   0x00000000000174fb     0x3580 Core/Common/Src/AMS_CAN_Messages.o
 .debug_macro   0x000000000001aa7b      0x174 Core/Common/Src/AMS_CAN_Messages.o
 .debug_macro   0x000000000001abef       0x55 Core/Common/Src/AMS_CAN_Messages.o
 .debug_macro   0x000000000001ac44     0x1057 Core/Common/Src/AMS_CAN_Messages.o
 .debug_macro   0x000000000001bc9b      0x153 Core/Common/Src/AMS_CAN_Messages.o
 .debug_macro   0x000000000001bdee      0x170 Core/Common/Src/AMS_CAN_Messages.o
 .debug_macro   0x000000000001bf5e      0x117 Core/Common/Src/AMS_CAN_Messages.o
 .debug_macro   0x000000000001c075      0x108 Core/Common/Src/AMS_CAN_Messages.o
 .debug_macro   0x000000000001c17d       0x27 Core/Common/Src/AMS_CAN_Messages.o
 .debug_macro   0x000000000001c1a4      0x16a Core/Common/Src/AMS_CAN_Messages.o
 .debug_macro   0x000000000001c30e      0x287 Core/Common/Src/AMS_CAN_Messages.o
 .debug_macro   0x000000000001c595       0x5f Core/Common/Src/AMS_CAN_Messages.o
 .debug_macro   0x000000000001c5f4      0x236 Core/Common/Src/AMS_CAN_Messages.o
 .debug_macro   0x000000000001c82a      0x40f Core/Common/Src/AMS_CAN_Messages.o
 .debug_macro   0x000000000001cc39      0x126 Core/Common/Src/AMS_CAN_Messages.o
 .debug_macro   0x000000000001cd5f      0x216 Core/Common/Src/AMS_CAN_Messages.o
 .debug_macro   0x000000000001cf75       0x2e Core/Common/Src/AMS_CAN_Messages.o
 .debug_macro   0x000000000001cfa3      0x113 Core/Common/Src/AMS_CAN_Messages.o
 .debug_macro   0x000000000001d0b6       0x22 Core/Common/Src/AMS_CAN_Messages.o
 .debug_macro   0x000000000001d0d8       0x82 Core/Common/Src/AMS_CAN_Messages.o
 .debug_macro   0x000000000001d15a      0x287 Core/Common/Src/AMS_CAN_Messages.o
 .debug_macro   0x000000000001d3e1      0x12d Core/Common/Src/AMS_CAN_Messages.o
 .debug_macro   0x000000000001d50e       0x18 Core/Common/Src/AMS_CAN_Messages.o
 .debug_macro   0x000000000001d526       0x52 Core/Common/Src/AMS_CAN_Messages.o
 .debug_macro   0x000000000001d578       0x3c Core/Common/Src/AMS_CAN_Messages.o
 .debug_macro   0x000000000001d5b4       0x34 Core/Common/Src/AMS_CAN_Messages.o
 .debug_macro   0x000000000001d5e8       0x16 Core/Common/Src/AMS_CAN_Messages.o
 .debug_macro   0x000000000001d5fe       0x35 Core/Common/Src/AMS_CAN_Messages.o
 .debug_macro   0x000000000001d633       0x16 Core/Common/Src/AMS_CAN_Messages.o
 .debug_macro   0x000000000001d649       0x43 Core/Common/Src/AMS_CAN_Messages.o
 .debug_macro   0x000000000001d68c       0x34 Core/Common/Src/AMS_CAN_Messages.o
 .debug_macro   0x000000000001d6c0       0x10 Core/Common/Src/AMS_CAN_Messages.o
 .debug_macro   0x000000000001d6d0       0x58 Core/Common/Src/AMS_CAN_Messages.o
 .debug_macro   0x000000000001d728       0x71 Core/Common/Src/AMS_CAN_Messages.o
 .debug_macro   0x000000000001d799       0x1c Core/Common/Src/AMS_CAN_Messages.o
 .debug_macro   0x000000000001d7b5      0x12a Core/Common/Src/AMS_CAN_Messages.o
 .debug_macro   0x000000000001d8df      0x333 Core/Common/Src/AMS_CAN_Messages.o
 .debug_macro   0x000000000001dc12       0x16 Core/Common/Src/AMS_CAN_Messages.o
 .debug_macro   0x000000000001dc28       0x29 Core/Common/Src/AMS_CAN_Messages.o
 .debug_macro   0x000000000001dc51       0x76 Core/Common/Src/AMS_CAN_Messages.o
 .debug_macro   0x000000000001dcc7       0x3c Core/Common/Src/AMS_CAN_Messages.o
 .debug_macro   0x000000000001dd03      0x177 Core/Common/Src/queue.o
 .debug_macro   0x000000000001de7a      0x10e Core/Common/Src/queue.o
 .debug_macro   0x000000000001df88       0x8d Core/Common/Src/queue.o
 .debug_macro   0x000000000001e015      0x339 Core/Common/Src/queue.o
 .debug_macro   0x000000000001e34e      0x2c8 Core/Src/can.o
 .debug_macro   0x000000000001e616      0x2d2 Core/Src/gpio.o
 .debug_macro   0x000000000001e8e8      0x3e4 Core/Src/main.o
 .debug_macro   0x000000000001eccc       0x1c Core/Src/main.o
 .debug_macro   0x000000000001ece8       0x10 Core/Src/main.o
 .debug_macro   0x000000000001ecf8       0x10 Core/Src/main.o
 .debug_macro   0x000000000001ed08       0x1c Core/Src/main.o
 .debug_macro   0x000000000001ed24       0x52 Core/Src/main.o
 .debug_macro   0x000000000001ed76       0x22 Core/Src/main.o
 .debug_macro   0x000000000001ed98       0x10 Core/Src/main.o
 .debug_macro   0x000000000001eda8       0x40 Core/Src/main.o
 .debug_macro   0x000000000001ede8       0xd5 Core/Src/main.o
 .debug_macro   0x000000000001eebd       0x1c Core/Src/main.o
 .debug_macro   0x000000000001eed9       0x3d Core/Src/main.o
 .debug_macro   0x000000000001ef16       0x16 Core/Src/main.o
 .debug_macro   0x000000000001ef2c      0x145 Core/Src/main.o
 .debug_macro   0x000000000001f071       0x16 Core/Src/main.o
 .debug_macro   0x000000000001f087      0x51a Core/Src/main.o
 .debug_macro   0x000000000001f5a1      0x2c8 Core/Src/stm32f2xx_hal_msp.o
 .debug_macro   0x000000000001f869      0x2d2 Core/Src/stm32f2xx_it.o
 .debug_macro   0x000000000001fb3b      0x24c Core/Src/syscalls.o
 .debug_macro   0x000000000001fd87       0x4c Core/Src/syscalls.o
 .debug_macro   0x000000000001fdd3       0x94 Core/Src/syscalls.o
 .debug_macro   0x000000000001fe67       0x57 Core/Src/syscalls.o
 .debug_macro   0x000000000001febe       0x10 Core/Src/syscalls.o
 .debug_macro   0x000000000001fece       0x10 Core/Src/syscalls.o
 .debug_macro   0x000000000001fede       0x10 Core/Src/syscalls.o
 .debug_macro   0x000000000001feee       0x35 Core/Src/syscalls.o
 .debug_macro   0x000000000001ff23      0x12c Core/Src/syscalls.o
 .debug_macro   0x000000000002004f       0x10 Core/Src/syscalls.o
 .debug_macro   0x000000000002005f      0x241 Core/Src/syscalls.o
 .debug_macro   0x00000000000202a0       0x10 Core/Src/syscalls.o
 .debug_macro   0x00000000000202b0      0x189 Core/Src/syscalls.o
 .debug_macro   0x0000000000020439       0x16 Core/Src/syscalls.o
 .debug_macro   0x000000000002044f       0xce Core/Src/syscalls.o
 .debug_macro   0x000000000002051d       0xff Core/Src/sysmem.o
 .debug_macro   0x000000000002061c      0x23b Core/Src/sysmem.o
 .debug_macro   0x0000000000020857      0x1bd Core/Src/system_stm32f2xx.o
 .debug_macro   0x0000000000020a14      0x2d2 Core/Src/usart.o
 .debug_macro   0x0000000000020ce6      0x20b Drivers/STM32F2xx_HAL_Driver/Src/stm32f2xx_hal.o
 .debug_macro   0x0000000000020ef1      0x1c5 Drivers/STM32F2xx_HAL_Driver/Src/stm32f2xx_hal_can.o
 .debug_macro   0x00000000000210b6      0x1bd Drivers/STM32F2xx_HAL_Driver/Src/stm32f2xx_hal_cortex.o
 .debug_macro   0x0000000000021273      0x1f5 Drivers/STM32F2xx_HAL_Driver/Src/stm32f2xx_hal_gpio.o
 .debug_macro   0x0000000000021468      0x1e7 Drivers/STM32F2xx_HAL_Driver/Src/stm32f2xx_hal_rcc.o
 .debug_macro   0x000000000002164f      0x1be Drivers/STM32F2xx_HAL_Driver/Src/stm32f2xx_hal_uart.o

.debug_line     0x0000000000000000     0xb7b8
 .debug_line    0x0000000000000000      0xbc0 Core/Common/Src/AMS_CAN_Messages.o
 .debug_line    0x0000000000000bc0      0x6eb Core/Common/Src/queue.o
 .debug_line    0x00000000000012ab      0x96d Core/Src/can.o
 .debug_line    0x0000000000001c18      0x858 Core/Src/gpio.o
 .debug_line    0x0000000000002470      0xb2a Core/Src/main.o
 .debug_line    0x0000000000002f9a      0x85d Core/Src/stm32f2xx_hal_msp.o
 .debug_line    0x00000000000037f7      0x983 Core/Src/stm32f2xx_it.o
 .debug_line    0x000000000000417a      0x83e Core/Src/syscalls.o
 .debug_line    0x00000000000049b8      0x534 Core/Src/sysmem.o
 .debug_line    0x0000000000004eec      0x738 Core/Src/system_stm32f2xx.o
 .debug_line    0x0000000000005624      0x8c6 Core/Src/usart.o
 .debug_line    0x0000000000005eea       0x85 Core/Startup/startup_stm32f207vgtx.o
 .debug_line    0x0000000000005f6f      0x9cf Drivers/STM32F2xx_HAL_Driver/Src/stm32f2xx_hal.o
 .debug_line    0x000000000000693e     0x110d Drivers/STM32F2xx_HAL_Driver/Src/stm32f2xx_hal_can.o
 .debug_line    0x0000000000007a4b      0xc52 Drivers/STM32F2xx_HAL_Driver/Src/stm32f2xx_hal_cortex.o
 .debug_line    0x000000000000869d      0xb29 Drivers/STM32F2xx_HAL_Driver/Src/stm32f2xx_hal_gpio.o
 .debug_line    0x00000000000091c6      0xe55 Drivers/STM32F2xx_HAL_Driver/Src/stm32f2xx_hal_rcc.o
 .debug_line    0x000000000000a01b     0x179d Drivers/STM32F2xx_HAL_Driver/Src/stm32f2xx_hal_uart.o

.debug_str      0x0000000000000000    0xbf6ff
 .debug_str     0x0000000000000000    0xb99c1 Core/Common/Src/AMS_CAN_Messages.o
                                      0xb9d35 (size before relaxing)
 .debug_str     0x00000000000b99c1      0x107 Core/Common/Src/queue.o
                                       0x7416 (size before relaxing)
 .debug_str     0x00000000000b9ac8      0x6ab Core/Src/can.o
                                      0xb9fff (size before relaxing)
 .debug_str     0x00000000000ba173       0x2c Core/Src/gpio.o
                                      0xb9a24 (size before relaxing)
 .debug_str     0x00000000000ba19f     0x2554 Core/Src/main.o
                                      0xbbfa2 (size before relaxing)
 .debug_str     0x00000000000bc6f3       0x2c Core/Src/stm32f2xx_hal_msp.o
                                      0xb9a24 (size before relaxing)
 .debug_str     0x00000000000bc71f      0x10d Core/Src/stm32f2xx_it.o
                                      0xb9a3e (size before relaxing)
 .debug_str     0x00000000000bc82c     0x1653 Core/Src/syscalls.o
                                       0x8e94 (size before relaxing)
 .debug_str     0x00000000000bde7f       0x6b Core/Src/sysmem.o
                                       0x6267 (size before relaxing)
 .debug_str     0x00000000000bdeea       0x5b Core/Src/system_stm32f2xx.o
                                      0xb6128 (size before relaxing)
 .debug_str     0x00000000000bdf45       0x57 Core/Src/usart.o
                                      0xb9ede (size before relaxing)
 .debug_str     0x00000000000bdf9c       0x62 Core/Startup/startup_stm32f207vgtx.o
 .debug_str     0x00000000000bdffe      0x4c5 Drivers/STM32F2xx_HAL_Driver/Src/stm32f2xx_hal.o
                                      0xb6bc0 (size before relaxing)
 .debug_str     0x00000000000be4c3      0x463 Drivers/STM32F2xx_HAL_Driver/Src/stm32f2xx_hal_can.o
                                      0xb6888 (size before relaxing)
 .debug_str     0x00000000000be926      0x3ed Drivers/STM32F2xx_HAL_Driver/Src/stm32f2xx_hal_cortex.o
                                      0xb6a53 (size before relaxing)
 .debug_str     0x00000000000bed13      0x226 Drivers/STM32F2xx_HAL_Driver/Src/stm32f2xx_hal_gpio.o
                                      0xb63bf (size before relaxing)
 .debug_str     0x00000000000bef39      0x282 Drivers/STM32F2xx_HAL_Driver/Src/stm32f2xx_hal_rcc.o
                                      0xb65a8 (size before relaxing)
 .debug_str     0x00000000000bf1bb      0x544 Drivers/STM32F2xx_HAL_Driver/Src/stm32f2xx_hal_uart.o
                                      0xb69e0 (size before relaxing)

.comment        0x0000000000000000       0x53
 .comment       0x0000000000000000       0x53 Core/Common/Src/AMS_CAN_Messages.o
                                         0x54 (size before relaxing)
 .comment       0x0000000000000053       0x54 Core/Common/Src/queue.o
 .comment       0x0000000000000053       0x54 Core/Src/can.o
 .comment       0x0000000000000053       0x54 Core/Src/gpio.o
 .comment       0x0000000000000053       0x54 Core/Src/main.o
 .comment       0x0000000000000053       0x54 Core/Src/stm32f2xx_hal_msp.o
 .comment       0x0000000000000053       0x54 Core/Src/stm32f2xx_it.o
 .comment       0x0000000000000053       0x54 Core/Src/syscalls.o
 .comment       0x0000000000000053       0x54 Core/Src/sysmem.o
 .comment       0x0000000000000053       0x54 Core/Src/system_stm32f2xx.o
 .comment       0x0000000000000053       0x54 Core/Src/usart.o
 .comment       0x0000000000000053       0x54 Drivers/STM32F2xx_HAL_Driver/Src/stm32f2xx_hal.o
 .comment       0x0000000000000053       0x54 Drivers/STM32F2xx_HAL_Driver/Src/stm32f2xx_hal_can.o
 .comment       0x0000000000000053       0x54 Drivers/STM32F2xx_HAL_Driver/Src/stm32f2xx_hal_cortex.o
 .comment       0x0000000000000053       0x54 Drivers/STM32F2xx_HAL_Driver/Src/stm32f2xx_hal_gpio.o
 .comment       0x0000000000000053       0x54 Drivers/STM32F2xx_HAL_Driver/Src/stm32f2xx_hal_rcc.o
 .comment       0x0000000000000053       0x54 Drivers/STM32F2xx_HAL_Driver/Src/stm32f2xx_hal_uart.o

.debug_frame    0x0000000000000000     0x2bf4
 .debug_frame   0x0000000000000000      0x30c Core/Common/Src/AMS_CAN_Messages.o
 .debug_frame   0x000000000000030c      0x13c Core/Common/Src/queue.o
 .debug_frame   0x0000000000000448       0x90 Core/Src/can.o
 .debug_frame   0x00000000000004d8       0x38 Core/Src/gpio.o
 .debug_frame   0x0000000000000510       0xb4 Core/Src/main.o
 .debug_frame   0x00000000000005c4       0x38 Core/Src/stm32f2xx_hal_msp.o
 .debug_frame   0x00000000000005fc      0x174 Core/Src/stm32f2xx_it.o
 .debug_frame   0x0000000000000770      0x2ac Core/Src/syscalls.o
 .debug_frame   0x0000000000000a1c       0x34 Core/Src/sysmem.o
 .debug_frame   0x0000000000000a50       0x58 Core/Src/system_stm32f2xx.o
 .debug_frame   0x0000000000000aa8       0x74 Core/Src/usart.o
 .debug_frame   0x0000000000000b1c      0x384 Drivers/STM32F2xx_HAL_Driver/Src/stm32f2xx_hal.o
 .debug_frame   0x0000000000000ea0      0x5a0 Drivers/STM32F2xx_HAL_Driver/Src/stm32f2xx_hal_can.o
 .debug_frame   0x0000000000001440      0x498 Drivers/STM32F2xx_HAL_Driver/Src/stm32f2xx_hal_cortex.o
 .debug_frame   0x00000000000018d8      0x14c Drivers/STM32F2xx_HAL_Driver/Src/stm32f2xx_hal_gpio.o
 .debug_frame   0x0000000000001a24      0x200 Drivers/STM32F2xx_HAL_Driver/Src/stm32f2xx_hal_rcc.o
 .debug_frame   0x0000000000001c24      0x834 Drivers/STM32F2xx_HAL_Driver/Src/stm32f2xx_hal_uart.o
 .debug_frame   0x0000000000002458       0x20 /Applications/STM32CubeIDE.app/Contents/Eclipse/plugins/com.st.stm32cube.ide.mcu.externaltools.gnu-tools-for-stm32.9-2020-q2-update.macos64_1.5.0.202011040924/tools/bin/../lib/gcc/arm-none-eabi/9.3.1/../../../../arm-none-eabi/lib/thumb/v7-m/nofp/libc_nano.a(lib_a-calloc.o)
 .debug_frame   0x0000000000002478       0x20 /Applications/STM32CubeIDE.app/Contents/Eclipse/plugins/com.st.stm32cube.ide.mcu.externaltools.gnu-tools-for-stm32.9-2020-q2-update.macos64_1.5.0.202011040924/tools/bin/../lib/gcc/arm-none-eabi/9.3.1/../../../../arm-none-eabi/lib/thumb/v7-m/nofp/libc_nano.a(lib_a-errno.o)
 .debug_frame   0x0000000000002498       0x2c /Applications/STM32CubeIDE.app/Contents/Eclipse/plugins/com.st.stm32cube.ide.mcu.externaltools.gnu-tools-for-stm32.9-2020-q2-update.macos64_1.5.0.202011040924/tools/bin/../lib/gcc/arm-none-eabi/9.3.1/../../../../arm-none-eabi/lib/thumb/v7-m/nofp/libc_nano.a(lib_a-init.o)